[demo2.mercury.is/index.html]
[backblue.gif]
[fade.gif]
[index.html]
[demo2.mercury.is/comments/feed/index.html]
[demo2.mercury.is/feed/index.html]
[s8b2i2s2.stackpathcdn.com/wp-includes/css/dist/block-library/style.min7661.css]
[use.fontawesome.com/releases/v5.12.0/css/allb683.css]
[s8b2i2s2.stackpathcdn.com/wp-content/themes/mercury/css/owl.carousel.min531b.css]
[s8b2i2s2.stackpathcdn.com/wp-content/themes/mercury/css/animate531b.css]
[s8b2i2s2.stackpathcdn.com/wp-content/themes/mercury/styleccfb.css]
[s8b2i2s2.stackpathcdn.com/wp-content/themes/mercury/css/mediaccfb.css]
[s8b2i2s2.stackpathcdn.com/wp-content/plugins/wp-retina-2x/js/picturefill.min5b75.js]
[s8b2i2s2.stackpathcdn.com/wp-includes/js/jquery/jquery4a5f.js]
[s8b2i2s2.stackpathcdn.com/wp-includes/js/jquery/jquery-migrate.min330a.js]
[demo2.mercury.is/wp-json/oembed/1.0/embed8111]
[demo2.mercury.is/wp-json/index.html]
[s8b2i2s2.stackpathcdn.com/wp-content/uploads/2020/04/favicon-32x32.png]
[s8b2i2s2.stackpathcdn.com/wp-content/uploads/2020/04/favicon-270x270.png]
[s8b2i2s2.stackpathcdn.com/wp-content/themes/mercury/js/theia-sticky-sidebar.min7d4c.js]
[demo2.mercury.is/privacy-policy-2/index.html]
[demo2.mercury.is/2020/04/10/lotto-winner-spends-42000-on-new-teeth-that-took-nine-hours-to-perfect/index.html]
[s8b2i2s2.stackpathcdn.com/wp-content/themes/mercury/js/enable-sticky-sidebarccfb.js]
[demo2.mercury.is/terms-and-conditions/index.html]
[demo2.mercury.is/2020/04/10/new-york-governor-backs-sportsbetting-for-upstate-casinos/index.html]
[s8b2i2s2.stackpathcdn.com/wp-content/themes/mercury/js/floating-headerccfb.js]
[demo2.mercury.is/2020/04/10/poker-player-locks-himself-in-isolation-for-20-days-to-win-64200/index.html]
[demo2.mercury.is/2020/04/10/tron-triggers-a-new-wave-of-online-gaming-and-betting/index.html]
[demo2.mercury.is/casino/royal-casino/index.html]
[demo2.mercury.is/casino/poker-casino/index.html]
[s8b2i2s2.stackpathcdn.com/wp-content/themes/mercury/js/owl.carousel.min531b.js]
[demo2.mercury.is/casino/sport-casino/index.html]
[demo2.mercury.is/casino/golden-casino/index.html]
[demo2.mercury.is/casino/play-casino/index.html]
[demo2.mercury.is/game/stars-maker/index.html]
[demo2.mercury.is/casino/texas-casino/index.html]
[s8b2i2s2.stackpathcdn.com/wp-content/themes/mercury/js/scriptsccfb.js]
[demo2.mercury.is/game/winter-berries/index.html]
[demo2.mercury.is/game/gods-of-gold/index.html]
[demo2.mercury.is/game/lucky-dragon/index.html]
[demo2.mercury.is/bonus/up-to-500-bonus-50-bonus-spins-at-royal/index.html]
[demo2.mercury.is/game/new-camelot/index.html]
[demo2.mercury.is/game/deep-sea/index.html]
[s8b2i2s2.stackpathcdn.com/wp-includes/js/wp-embed.min.137661.delayed]
[demo2.mercury.is/index.html]
[demo2.mercury.is/bonus/get-100-up-to-150-50-bonus-spins-at-play/index.html]
[demo2.mercury.is/game-shortcodes/index.html]
[demo2.mercury.is/bonus-shortcodes/index.html]
[demo2.mercury.is/casino-shortcodes/index.html]
[s8b2i2s2.stackpathcdn.com/wp-includes/css/dist/block-library/style.min7661.css]
[demo2.mercury.is/casinos/index.html]
[demo2.mercury.is/post-shortcodes/index.html]
[use.fontawesome.com/releases/v5.12.0/css/allb683.css]
[demo2.mercury.is/category/gambling-news/index.html]
[demo2.mercury.is/casinos-archive-template-2/index.html]
[demo2.mercury.is/casinos-archive-template-3/index.html]
[demo2.mercury.is/casinos-archive-template-4/index.html]
[demo2.mercury.is/casinos-archive-template-5/index.html]
[demo2.mercury.is/casinos-archive-template-7/index.html]
[demo2.mercury.is/casinos-archive-template-6/index.html]
[demo2.mercury.is/casinos-archive-template-8/index.html]
[demo2.mercury.is/games/index.html]
[s8b2i2s2.stackpathcdn.com/wp-content/themes/mercury/css/owl.video.play.png]
[s8b2i2s2.stackpathcdn.com/wp-content/themes/mercury/css/owl.carousel.min531b.css]
[demo2.mercury.is/games-archive-template-2/index.html]
[demo2.mercury.is/news/index.html]
[s8b2i2s2.stackpathcdn.com/wp-content/themes/mercury/css/animate531b.css]
[demo2.mercury.is/bonuses/index.html]
[demo2.mercury.is/category/betting-news/index.html]
[demo2.mercury.is/category/poker-news/index.html]
[demo2.mercury.is/category/gambling-technology/index.html]
[demo2.mercury.is/category/lottery-news/index.html]
[s8b2i2s2.stackpathcdn.com/wp-content/themes/mercury/images/spades.svg]
[demo2.mercury.is/2020/04/10/weekend-premiere-for-vietnams-corona-resort-and-casino/index.html]
[demo2.mercury.is/2020/04/10/pamela-stevens-unveils-casino-in-downtown-las-vegas/index.html]
[demo2.mercury.is/2020/04/10/american-gaming-industry-sees-annual-stock-values-decline/index.html]
[demo2.mercury.is/2020/04/06/caesars-entertainment-scores-first-nfl-casino-sponsorship-deal/index.html]
[demo2.mercury.is/casino/ocean-casino/index.html]
[s8b2i2s2.stackpathcdn.com/wp-content/themes/mercury/images/diamonds.svg]
[demo2.mercury.is/casino/stars-casino/index.html]
[demo2.mercury.is/casino/spades-casino/index.html]
[demo2.mercury.is/casino/monte-casino/index.html]
[demo2.mercury.is/2020/04/10/online-gambling-firms-face-investigation-for-cheating-customers/index.html]
[demo2.mercury.is/2020/04/10/china-considers-legal-gambling-on-island-the-size-of-switzerland/index.html]
[demo2.mercury.is/2020/04/10/its-great-the-government-is-tightening-gambling-regulation/index.html]
[s8b2i2s2.stackpathcdn.com/wp-content/themes/mercury/images/hearts.svg]
[demo2.mercury.is/2020/04/10/china-slowdown-spurs-first-macau-casino-revenue-drop-since-2020/index.html]
[demo2.mercury.is/2020/04/10/japan-to-require-casino-resorts-to-have-unprecedentedly-big-hotels/index.html]
[demo2.mercury.is/2020/04/10/the-time-to-buy-growth-driven-stock-at-a-discount-is-now/index.html]
[demo2.mercury.is/2020/04/10/new-york-rangers-a-big-improvement-in-their-lottery-race-standings/index.html]
[demo2.mercury.is/2020/04/10/lotto-results-winning-national-lottery-numbers-for-saturday-february-2/index.html]
[demo2.mercury.is/2020/04/10/canada-winning-ticket-for-26-6m-lotto-max-jackpot-sold/index.html]
[demo2.mercury.is/2020/04/10/writer-wins-95600-in-poker-after-learning-how-to-play-the-game/index.html]
[demo2.mercury.is/2020/04/10/lets-watch-steve-win-more-than-100000-at-the-world-series-of-poker/index.html]
[demo2.mercury.is/2020/04/10/buddhist-wins-670000-in-poker-tournament-gives-it-to-charity/index.html]
[demo2.mercury.is/game/star-joker/index.html]
[demo2.mercury.is/game/golden-guns/index.html]
[demo2.mercury.is/game/lucky-easter/index.html]
[demo2.mercury.is/game/aztec-idols/index.html]
[demo2.mercury.is/2020/04/10/gambling-firms-to-stop-advertising-during-live-sporting-events/index.html]
[demo2.mercury.is/2020/04/10/experts-football-relationship-with-gambling-disturbing/index.html]
[demo2.mercury.is/2020/04/10/super-bowl-2021-betting-more-than-300-million-in-legal-us-wagers/index.html]
[demo2.mercury.is/2020/04/10/us-election-2020-london-gambler-bets-200000-on-donald-trump-win/index.html]
[demo2.mercury.is/2020/04/10/report-bettor-places-1-5m-wager-on-rams-in-super-bowl/index.html]
[demo2.mercury.is/2020/04/10/gambling-is-gradually-becoming-an-unavoidable-part-of-the-sports-experience/index.html]
[demo2.mercury.is/2020/04/10/betting-on-the-super-bowl-in-the-year-of-the-american-sports-gambler/index.html]
[demo2.mercury.is/bonus-category/free-spins/index.html]
[demo2.mercury.is/2020/04/10/aga-63-of-americans-support-legalised-sports-betting/index.html]
[demo2.mercury.is/bonus/get-100-up-to-100-88-no-deposit-at-monte-casino/index.html]
[demo2.mercury.is/bonus-category/deposit-bonus/index.html]
[demo2.mercury.is/bonus-category/cashback-bonus/index.html]
[demo2.mercury.is/bonus-category/welcome-bonus/index.html]
[demo2.mercury.is/bonus/slots-casino-100-up-to-100-200-spins/index.html]
[demo2.mercury.is/casino/lucky-casino/index.html]
[demo2.mercury.is/casino/slots-casino/index.html]
[demo2.mercury.is/casino/pharaoh-casino/index.html]
[demo2.mercury.is/casino/diamond-casino/index.html]
[s8b2i2s2.stackpathcdn.com/wp-content/themes/mercury/styleccfb.css]
[s8b2i2s2.stackpathcdn.com/wp-content/themes/mercury/css/mediaccfb.css]
[s8b2i2s2.stackpathcdn.com/wp-content/themes/mercury/images/clubs.svg]
[demo2.mercury.is/wp-json/oembed/1.0/embed6eed]
[demo2.mercury.is/xmlrpc0db0.php]
[demo2.mercury.is/privacy-policy-2/index.html]
[demo2.mercury.is/wp-json/oembed/1.0/embedaf45]
[demo2.mercury.is/wp-json/oembed/1.0/embed39d6.json]
[demo2.mercury.is/terms-and-conditions/index.html]
[demo2.mercury.is/wp-json/oembed/1.0/embedcdca]
[s8b2i2s2.stackpathcdn.com/wp-content/uploads/2020/04/AdobeStock_77792540-compressed-1.jpg]
[demo2.mercury.is/wp-json/oembed/1.0/embed7feb.json]
[demo2.mercury.is/2020/04/10/new-york-governor-backs-sportsbetting-for-upstate-casinos/feed/index.html]
[demo2.mercury.is/wp-json/oembed/1.0/embed7443]
[demo2.mercury.is/author/jonathan-archer/index.html]
[demo2.mercury.is/wp-content/uploads/2020/04/AdobeStock_333668756-compressed-683x1024.jpg]
[demo2.mercury.is/tag/betting/index.html]
[demo2.mercury.is/tag/casino/index.html]
[s8b2i2s2.stackpathcdn.com/wp-includes/js/comment-reply.min7661.js]
[demo2.mercury.is/2020/04/10/new-york-governor-backs-sportsbetting-for-upstate-casinos/index.html]
[demo2.mercury.is/tag/gambling/index.html]
[demo2.mercury.is/tag/game/index.html]
[demo2.mercury.is/tag/poker/index.html]
[demo2.mercury.is/tag/slots/index.html]
[s8b2i2s2.stackpathcdn.com/wp-content/uploads/2020/04/AdobeStock_241365629-compressed-scaled.jpg]
[demo2.mercury.is/wp-json/oembed/1.0/embed7f1b.json]
[demo2.mercury.is/2020/04/10/lotto-winner-spends-42000-on-new-teeth-that-took-nine-hours-to-perfect/feed/index.html]
[demo2.mercury.is/2020/04/10/lotto-winner-spends-42000-on-new-teeth-that-took-nine-hours-to-perfect/index.html]
[demo2.mercury.is/wp-json/oembed/1.0/embedd018]
[s8b2i2s2.stackpathcdn.com/wp-content/uploads/2020/04/AdobeStock_193128467-compressed-scaled.jpg]
[demo2.mercury.is/wp-json/oembed/1.0/embed809a.json]
[demo2.mercury.is/2020/04/10/tron-triggers-a-new-wave-of-online-gaming-and-betting/feed/index.html]
[demo2.mercury.is/wp-json/oembed/1.0/embede807]
[s8b2i2s2.stackpathcdn.com/wp-content/uploads/2020/04/AdobeStock_193128467-compressed-2000x400.jpg]
[demo2.mercury.is/2020/04/10/tron-triggers-a-new-wave-of-online-gaming-and-betting/index.html]
[s8b2i2s2.stackpathcdn.com/wp-content/uploads/2020/04/AdobeStock_92143022-compressed-scaled.jpg]
[demo2.mercury.is/wp-json/oembed/1.0/embed6f70.json]
[demo2.mercury.is/wp-json/oembed/1.0/embed2c3c]
[s8b2i2s2.stackpathcdn.com/wp-content/uploads/2020/04/AdobeStock_92143022-compressed-2000x400.jpg]
[demo2.mercury.is/2020/04/10/poker-player-locks-himself-in-isolation-for-20-days-to-win-64200/index.html]
[s8b2i2s2.stackpathcdn.com/wp-content/uploads/2020/04/logo-16.png]
[demo2.mercury.is/wp-json/oembed/1.0/embed35e8.json]
[demo2.mercury.is/wp-json/oembed/1.0/embedc43f]
[demo2.mercury.is/casino/royal-casino/feed/index.html]
[demo2.mercury.is/wp-content/uploads/2020/04/AdobeStock_229213781-1024x576.jpg]
[demo2.mercury.is/casino/royal-casino/index.html]
[demo2.mercury.is/software/augue-gaming/index.html]
[demo2.mercury.is/software/elementum/index.html]
[demo2.mercury.is/software/faucibus/index.html]
[s8b2i2s2.stackpathcdn.com/wp-content/uploads/2020/04/logo-15.png]
[demo2.mercury.is/software/hendrerit/index.html]
[demo2.mercury.is/wp-json/oembed/1.0/embedac64.json]
[demo2.mercury.is/software/lacus-games/index.html]
[demo2.mercury.is/wp-json/oembed/1.0/embed70ac]
[demo2.mercury.is/software/praesent-magna/index.html]
[demo2.mercury.is/casino/sport-casino/index.html]
[demo2.mercury.is/software/laoreet/index.html]
[demo2.mercury.is/software/vel-tech/index.html]
[demo2.mercury.is/deposit-method/bank-wire-transfer/index.html]
[demo2.mercury.is/software/velit-egestas/index.html]
[demo2.mercury.is/deposit-method/atm/index.html]
[demo2.mercury.is/deposit-method/neteller/index.html]
[demo2.mercury.is/deposit-method/payeer/index.html]
[demo2.mercury.is/deposit-method/paypal/index.html]
[demo2.mercury.is/deposit-method/skrill/index.html]
[s8b2i2s2.stackpathcdn.com/wp-content/uploads/2020/04/logo-14.png]
[demo2.mercury.is/deposit-method/unionpay/index.html]
[demo2.mercury.is/deposit-method/visa/index.html]
[demo2.mercury.is/withdrawal-method/mastercard/index.html]
[demo2.mercury.is/wp-json/oembed/1.0/embeda787.json]
[demo2.mercury.is/withdrawal-method/neteller/index.html]
[demo2.mercury.is/withdrawal-method/skrill/index.html]
[demo2.mercury.is/casino/poker-casino/index.html]
[demo2.mercury.is/wp-json/oembed/1.0/embed70f7]
[demo2.mercury.is/withdrawal-method/wirecard/index.html]
[demo2.mercury.is/withdrawal-limit/1000-per-day/index.html]
[demo2.mercury.is/withdrawal-method/visa/index.html]
[demo2.mercury.is/withdrawal-limit/4000-per-week/index.html]
[demo2.mercury.is/withdrawal-limit/8000-per-month/index.html]
[demo2.mercury.is/licence/curacao/index.html]
[demo2.mercury.is/licence/malta-gaming-authority/index.html]
[demo2.mercury.is/licence/swedish-gambling-authority/index.html]
[s8b2i2s2.stackpathcdn.com/wp-content/uploads/2020/04/logo-13.png]
[demo2.mercury.is/licence/uk-gambling-commission/index.html]
[demo2.mercury.is/language/chinese/index.html]
[demo2.mercury.is/wp-json/oembed/1.0/embed80ed.json]
[demo2.mercury.is/language/czech/index.html]
[demo2.mercury.is/casino/golden-casino/index.html]
[demo2.mercury.is/language/dutch/index.html]
[demo2.mercury.is/wp-json/oembed/1.0/embed8a72]
[demo2.mercury.is/language/english/index.html]
[demo2.mercury.is/currency/brl/index.html]
[demo2.mercury.is/currency/btc/index.html]
[demo2.mercury.is/language/finnish/index.html]
[demo2.mercury.is/currency/czk/index.html]
[demo2.mercury.is/currency/eth/index.html]
[demo2.mercury.is/currency/eur/index.html]
[demo2.mercury.is/currency/rub/index.html]
[s8b2i2s2.stackpathcdn.com/wp-content/uploads/2020/04/logo-12.png]
[demo2.mercury.is/currency/try/index.html]
[demo2.mercury.is/currency/sek/index.html]
[demo2.mercury.is/currency/uah/index.html]
[demo2.mercury.is/wp-json/oembed/1.0/embed75d0.json]
[demo2.mercury.is/currency/usd/index.html]
[demo2.mercury.is/currency/xrp/index.html]
[demo2.mercury.is/wp-json/oembed/1.0/embedaa53]
[demo2.mercury.is/device/mobile/index.html]
[demo2.mercury.is/device/smart-tv/index.html]
[demo2.mercury.is/device/desktop/index.html]
[demo2.mercury.is/device/tablet/index.html]
[s8b2i2s2.stackpathcdn.com/wp-content/uploads/2020/04/AdobeStock_106617370-compressed-2000x400.jpg]
[demo2.mercury.is/game/mayan-gods/index.html]
[demo2.mercury.is/game/wild-worlds/index.html]
[demo2.mercury.is/casino/sport-casino/feed/index.html]
[demo2.mercury.is/language/french/index.html]
[demo2.mercury.is/language/german/index.html]
[demo2.mercury.is/language/norwegian/index.html]
[demo2.mercury.is/language/italian/index.html]
[s8b2i2s2.stackpathcdn.com/wp-content/uploads/2020/04/AdobeStock_106617370-compressed-767x767.jpg]
[demo2.mercury.is/game/panda-jones/index.html]
[demo2.mercury.is/language/portuguese/index.html]
[demo2.mercury.is/game/sparta-bay/index.html]
[demo2.mercury.is/casino/poker-casino/feed/index.html]
[demo2.mercury.is/language/russian/index.html]
[s8b2i2s2.stackpathcdn.com/wp-content/uploads/2020/04/AdobeStock_106617370-compressed-479x479.jpg]
[demo2.mercury.is/language/serbian/index.html]
[demo2.mercury.is/casino/play-casino/index.html]
[demo2.mercury.is/language/ukrainian/index.html]
[demo2.mercury.is/language/swedish/index.html]
[demo2.mercury.is/language/turkish/index.html]
[demo2.mercury.is/game/cash-vandal/index.html]
[demo2.mercury.is/casino/golden-casino/feed/index.html]
[demo2.mercury.is/casino/play-casino/feed/index.html]
[s8b2i2s2.stackpathcdn.com/wp-content/uploads/2020/04/logo-11.png]
[demo2.mercury.is/wp-json/oembed/1.0/embeda11b.json]
[demo2.mercury.is/casino/texas-casino/index.html]
[demo2.mercury.is/wp-json/oembed/1.0/embed3ede]
[demo2.mercury.is/casino/texas-casino/feed/index.html]
[demo2.mercury.is/game/crystal-sun/index.html]
[s8b2i2s2.stackpathcdn.com/wp-content/uploads/2020/04/game-17-compressed-scaled.jpg]
[demo2.mercury.is/wp-json/oembed/1.0/embed1ed3.json]
[demo2.mercury.is/wp-json/oembed/1.0/embed7412]
[demo2.mercury.is/game/stars-maker/feed/index.html]
[demo2.mercury.is/restricted-country/united-kingdom/index.html]
[demo2.mercury.is/wp-content/uploads/2020/04/game-4-compressed-1024x768.jpg]
[demo2.mercury.is/game/stars-maker/index.html]
[demo2.mercury.is/vendor/base/index.html]
[s8b2i2s2.stackpathcdn.com/wp-content/uploads/2020/04/game-9-compressed-1-scaled.jpg]
[demo2.mercury.is/wp-json/oembed/1.0/embed23d5.json]
[demo2.mercury.is/game/winter-berries/feed/index.html]
[demo2.mercury.is/game/winter-berries/index.html]
[demo2.mercury.is/wp-json/oembed/1.0/embed854b]
[demo2.mercury.is/vendor/studio/index.html]
[s8b2i2s2.stackpathcdn.com/wp-content/uploads/2020/04/game-15-compressed-scaled.jpg]
[demo2.mercury.is/wp-json/oembed/1.0/embedcafa.json]
[demo2.mercury.is/game/gods-of-gold/index.html]
[demo2.mercury.is/wp-json/oembed/1.0/embeda944]
[demo2.mercury.is/game/gods-of-gold/feed/index.html]
[s8b2i2s2.stackpathcdn.com/wp-content/uploads/2020/04/game-14-compressed-1-scaled.jpg]
[demo2.mercury.is/wp-json/oembed/1.0/embed2807.json]
[demo2.mercury.is/wp-json/oembed/1.0/embed5625]
[demo2.mercury.is/game/lucky-dragon/feed/index.html]
[demo2.mercury.is/restricted-country/ukraine/index.html]
[demo2.mercury.is/wp-content/uploads/2020/04/game-4-compressed-scaled.jpg]
[demo2.mercury.is/game/lucky-dragon/index.html]
[demo2.mercury.is/casino/win-casino/index.html]
[s8b2i2s2.stackpathcdn.com/wp-content/uploads/2020/04/AdobeStock_225861692.jpg]
[demo2.mercury.is/wp-json/oembed/1.0/embed72e5.json]
[demo2.mercury.is/game/deep-sea/feed/index.html]
[demo2.mercury.is/wp-json/oembed/1.0/embedca10]
[s8b2i2s2.stackpathcdn.com/wp-content/uploads/2020/04/AdobeStock_225861692-2000x400.jpg]
[s8b2i2s2.stackpathcdn.com/wp-content/uploads/2020/04/AdobeStock_225861692-767x767.jpg]
[s8b2i2s2.stackpathcdn.com/wp-content/uploads/2020/04/AdobeStock_225861692-479x479.jpg]
[demo2.mercury.is/game/deep-sea/index.html]
[s8b2i2s2.stackpathcdn.com/wp-content/uploads/2020/04/AdobeStock_171659827-compressed.jpg]
[s8b2i2s2.stackpathcdn.com/wp-content/uploads/2020/04/AdobeStock_171659827-compressed-2000x400.jpg]
[s8b2i2s2.stackpathcdn.com/wp-content/uploads/2020/04/AdobeStock_171659827-compressed-767x767.jpg]
[s8b2i2s2.stackpathcdn.com/wp-content/uploads/2020/04/AdobeStock_171659827-compressed-479x479.jpg]
[demo2.mercury.is/game/new-camelot/index.html]
[s8b2i2s2.stackpathcdn.com/wp-content/uploads/2020/04/AdobeStock_191270586-compressed-scaled.jpg]
[demo2.mercury.is/wp-json/oembed/1.0/embedcabd.json]
[demo2.mercury.is/wp-json/oembed/1.0/embed12f8]
[demo2.mercury.is/bonus/up-to-500-bonus-50-bonus-spins-at-royal/feed/index.html]
[s8b2i2s2.stackpathcdn.com/wp-content/uploads/2020/04/AdobeStock_191270586-compressed-900x675.jpg]
[demo2.mercury.is/wp-content/uploads/2020/04/AdobeStock_267254823-compressed-1024x683.jpg]
[demo2.mercury.is/bonus/up-to-500-bonus-50-bonus-spins-at-royal/index.html]
[demo2.mercury.is/bonus/ocean-casino-100-bonus-cash-200-bonus-spins/index.html]
[demo2.mercury.is/bonus/10-wager-free-spins-up-to-200-on-first-deposit/index.html]
[demo2.mercury.is/bonus/get-100-match-bonus-up-to-100-100-spins/index.html]
[s8b2i2s2.stackpathcdn.com/wp-content/uploads/2020/04/AdobeStock_267254823-compressed-scaled.jpg]
[demo2.mercury.is/wp-json/oembed/1.0/embed0b65.json]
[demo2.mercury.is/wp-json/oembed/1.0/embed2c08]
[demo2.mercury.is/bonus/get-100-up-to-150-50-bonus-spins-at-play/feed/index.html]
[s8b2i2s2.stackpathcdn.com/wp-content/uploads/2020/04/AdobeStock_267254823-compressed-900x675.jpg]
[demo2.mercury.is/wp-content/uploads/2020/04/AdobeStock_191270586-compressed-1024x683.jpg]
[demo2.mercury.is/bonus/get-100-up-to-150-50-bonus-spins-at-play/index.html]
[demo2.mercury.is/bonus/200-match-bonus-up-to-500-20-bonus-spins/index.html]
[demo2.mercury.is/bonus/claim-a-100-deposit-bonus-up-to-250-free-spins/index.html]
[demo2.mercury.is/bonus/spades-casino-200-up-to-200-up-to-200-spins/index.html]
[demo2.mercury.is/wp-json/oembed/1.0/embed6853.json]
[demo2.mercury.is/wp-json/oembed/1.0/embed97ea]
[demo2.mercury.is/casino/space-casino/index.html]
[s8b2i2s2.stackpathcdn.com/wp-content/uploads/2020/04/logo-16-570x570.png]
[demo2.mercury.is/casino-category/certified-casinos/index.html]
[s8b2i2s2.stackpathcdn.com/wp-content/uploads/2020/04/logo-15-570x570.png]
[demo2.mercury.is/casino-category/mobile-casinos/index.html]
[s8b2i2s2.stackpathcdn.com/wp-content/uploads/2020/04/logo-14-570x570.png]
[demo2.mercury.is/casino-category/newest-casinos/index.html]
[s8b2i2s2.stackpathcdn.com/wp-content/uploads/2020/04/logo-11-570x570.png]
[s8b2i2s2.stackpathcdn.com/wp-content/uploads/2020/04/logo-13-570x570.png]
[s8b2i2s2.stackpathcdn.com/wp-content/uploads/2020/04/logo-1-2-570x570.png]
[s8b2i2s2.stackpathcdn.com/wp-content/uploads/2020/04/logo-2-570x570.png]
[s8b2i2s2.stackpathcdn.com/wp-content/uploads/2020/04/logo-3-570x570.png]
[s8b2i2s2.stackpathcdn.com/wp-content/uploads/2020/04/logo-4-570x570.png]
[s8b2i2s2.stackpathcdn.com/wp-content/uploads/2020/04/logo-5-570x570.png]
[s8b2i2s2.stackpathcdn.com/wp-content/uploads/2020/04/logo-6-570x570.png]
[s8b2i2s2.stackpathcdn.com/wp-content/uploads/2020/04/logo-7-570x570.png]
[s8b2i2s2.stackpathcdn.com/wp-content/uploads/2020/04/logo-8-570x570.png]
[demo2.mercury.is/casino-shortcodes/index.html]
[demo2.mercury.is/wp-json/oembed/1.0/embed3c3a.json]
[demo2.mercury.is/game-shortcodes/index.html]
[demo2.mercury.is/wp-json/oembed/1.0/embedd59d]
[demo2.mercury.is/game-category/new-games/index.html]
[demo2.mercury.is/game-category/upcoming-games/index.html]
[demo2.mercury.is/game-category/slots/index.html]
[demo2.mercury.is/wp-json/oembed/1.0/embed906d.json]
[demo2.mercury.is/game-category/table-games/index.html]
[demo2.mercury.is/bonus-shortcodes/index.html]
[demo2.mercury.is/wp-json/oembed/1.0/embed643c]
[demo2.mercury.is/wp-json/oembed/1.0/embede06f.json]
[demo2.mercury.is/bonus/100-match-bonus-on-poker-at-genting-casino/index.html]
[demo2.mercury.is/bonus/get-10-no-deposit-spins-100-up-to-200/index.html]
[demo2.mercury.is/post-shortcodes/index.html]
[demo2.mercury.is/category/gambling-news/index.html]
[demo2.mercury.is/wp-json/oembed/1.0/embedd88a]
[demo2.mercury.is/wp-json/oembed/1.0/embed55a8.json]
[demo2.mercury.is/category/gambling-news/feed/index.html]
[demo2.mercury.is/casinos/index.html]
[demo2.mercury.is/wp-json/oembed/1.0/embed51ff]
[demo2.mercury.is/wp-json/oembed/1.0/embedf668.json]
[demo2.mercury.is/casinos/page/2/index.html]
[demo2.mercury.is/wp-json/oembed/1.0/embed3610]
[s8b2i2s2.stackpathcdn.com/wp-content/uploads/2020/04/logo-1-2-450x317.png]
[s8b2i2s2.stackpathcdn.com/wp-content/uploads/2020/04/logo-2-450x317.png]
[s8b2i2s2.stackpathcdn.com/wp-content/uploads/2020/04/logo-3-450x317.png]
[s8b2i2s2.stackpathcdn.com/wp-content/uploads/2020/04/logo-4-450x317.png]
[s8b2i2s2.stackpathcdn.com/wp-content/uploads/2020/04/logo-5-450x317.png]
[s8b2i2s2.stackpathcdn.com/wp-content/uploads/2020/04/logo-6-450x317.png]
[s8b2i2s2.stackpathcdn.com/wp-content/uploads/2020/04/logo-7-450x317.png]
[s8b2i2s2.stackpathcdn.com/wp-content/uploads/2020/04/logo-8-450x317.png]
[s8b2i2s2.stackpathcdn.com/wp-content/uploads/2020/04/logo-9-450x317.png]
[s8b2i2s2.stackpathcdn.com/wp-content/uploads/2020/04/logo-10-450x317.png]
[s8b2i2s2.stackpathcdn.com/wp-content/uploads/2020/04/logo-11-450x317.png]
[demo2.mercury.is/casinos-archive-template-2/index.html]
[demo2.mercury.is/wp-json/oembed/1.0/embedd857.json]
[demo2.mercury.is/casinos-archive-template-3/index.html]
[demo2.mercury.is/wp-json/oembed/1.0/embedcfbc]
[demo2.mercury.is/casinos-archive-template-3/page/2/index.html]
[demo2.mercury.is/wp-json/oembed/1.0/embed2e92.json]
[demo2.mercury.is/casinos-archive-template-4/index.html]
[demo2.mercury.is/wp-json/oembed/1.0/embedbe2d]
[demo2.mercury.is/wp-json/oembed/1.0/embed7a64.json]
[demo2.mercury.is/casinos-archive-template-4/page/2/index.html]
[demo2.mercury.is/casinos-archive-template-5/index.html]
[demo2.mercury.is/wp-json/oembed/1.0/embedd91d]
[demo2.mercury.is/wp-json/oembed/1.0/embed43c3.json]
[demo2.mercury.is/casinos-archive-template-5/page/2/index.html]
[demo2.mercury.is/wp-json/oembed/1.0/embede0e0]
[s8b2i2s2.stackpathcdn.com/wp-content/uploads/2020/04/logo-9-570x570.png]
[s8b2i2s2.stackpathcdn.com/wp-content/uploads/2020/04/logo-10-570x570.png]
[s8b2i2s2.stackpathcdn.com/wp-content/uploads/2020/04/logo-12-570x570.png]
[demo2.mercury.is/casinos-archive-template-6/index.html]
[demo2.mercury.is/wp-json/oembed/1.0/embed30ba.json]
[demo2.mercury.is/casinos-archive-template-6/page/2/index.html]
[demo2.mercury.is/casinos-archive-template-7/index.html]
[demo2.mercury.is/wp-json/oembed/1.0/embed688a]
[demo2.mercury.is/wp-json/oembed/1.0/embed301f.json]
[demo2.mercury.is/casinos-archive-template-7/page/2/index.html]
[demo2.mercury.is/casinos-archive-template-8/index.html]
[demo2.mercury.is/wp-json/oembed/1.0/embed05a3]
[demo2.mercury.is/wp-json/oembed/1.0/embedacc7.json]
[demo2.mercury.is/casinos-archive-template-8/page/2/index.html]
[demo2.mercury.is/games/index.html]
[demo2.mercury.is/wp-json/oembed/1.0/embedfc99]
[demo2.mercury.is/wp-json/oembed/1.0/embed020a.json]
[demo2.mercury.is/games/page/2/index.html]
[demo2.mercury.is/games-archive-template-2/index.html]
[demo2.mercury.is/wp-json/oembed/1.0/embeddfc3]
[demo2.mercury.is/wp-json/oembed/1.0/embed8582.json]
[demo2.mercury.is/games-archive-template-2/page/2/index.html]
[demo2.mercury.is/bonuses/index.html]
[demo2.mercury.is/wp-json/oembed/1.0/embeda0b9]
[demo2.mercury.is/wp-json/oembed/1.0/embed5bfa.json]
[demo2.mercury.is/bonus/lucky-casino-up-to-e800-bonus-100-free-spins/index.html]
[demo2.mercury.is/bonus/monte-casino-10-no-deposit-spins-100-bonus/index.html]
[demo2.mercury.is/bonuses/page/2/index.html]
[demo2.mercury.is/bonus/get-100-up-to-150-50-bonus-spins-at-space/index.html]
[demo2.mercury.is/news/index.html]
[demo2.mercury.is/category/betting-news/index.html]
[demo2.mercury.is/wp-json/oembed/1.0/embed178f]
[demo2.mercury.is/category/betting-news/feed/index.html]
[demo2.mercury.is/news/page/3/index.html]
[demo2.mercury.is/news/page/2/index.html]
[demo2.mercury.is/category/gambling-technology/feed/index.html]
[s8b2i2s2.stackpathcdn.com/wp-content/uploads/2020/04/AdobeStock_63089917-compressed-450x450.jpg]
[demo2.mercury.is/category/gambling-technology/index.html]
[demo2.mercury.is/category/poker-news/index.html]
[demo2.mercury.is/category/lottery-news/index.html]
[demo2.mercury.is/category/poker-news/feed/index.html]
[demo2.mercury.is/category/lottery-news/feed/index.html]
[s8b2i2s2.stackpathcdn.com/wp-content/uploads/2020/04/AdobeStock_183240441-compressed-scaled.jpg]
[demo2.mercury.is/wp-json/oembed/1.0/embed9b3e.json]
[demo2.mercury.is/2020/04/10/weekend-premiere-for-vietnams-corona-resort-and-casino/feed/index.html]
[demo2.mercury.is/2020/04/10/weekend-premiere-for-vietnams-corona-resort-and-casino/index.html]
[demo2.mercury.is/wp-json/oembed/1.0/embed72a1]
[s8b2i2s2.stackpathcdn.com/wp-content/uploads/2020/04/AdobeStock_211594065-compressed-scaled.jpg]
[demo2.mercury.is/wp-json/oembed/1.0/embedd419.json]
[demo2.mercury.is/2020/04/10/pamela-stevens-unveils-casino-in-downtown-las-vegas/feed/index.html]
[demo2.mercury.is/2020/04/10/pamela-stevens-unveils-casino-in-downtown-las-vegas/index.html]
[demo2.mercury.is/wp-json/oembed/1.0/embed6f11]
[s8b2i2s2.stackpathcdn.com/wp-content/uploads/2020/04/AdobeStock_112495114-compressed-scaled.jpg]
[demo2.mercury.is/wp-json/oembed/1.0/embed3a4a.json]
[demo2.mercury.is/2020/04/10/american-gaming-industry-sees-annual-stock-values-decline/feed/index.html]
[demo2.mercury.is/2020/04/10/american-gaming-industry-sees-annual-stock-values-decline/index.html]
[demo2.mercury.is/wp-json/oembed/1.0/embed64e5]
[s8b2i2s2.stackpathcdn.com/wp-content/uploads/2020/04/AdobeStock_185601669-compressed-scaled.jpg]
[demo2.mercury.is/wp-json/oembed/1.0/embede838.json]
[demo2.mercury.is/2020/04/06/caesars-entertainment-scores-first-nfl-casino-sponsorship-deal/feed/index.html]
[demo2.mercury.is/2020/04/06/caesars-entertainment-scores-first-nfl-casino-sponsorship-deal/index.html]
[demo2.mercury.is/wp-json/oembed/1.0/embed28c0]
[s8b2i2s2.stackpathcdn.com/wp-content/uploads/2020/04/logo-1-2.png]
[demo2.mercury.is/wp-json/oembed/1.0/embed4894.json]
[demo2.mercury.is/casino/stars-casino/index.html]
[demo2.mercury.is/wp-json/oembed/1.0/embed77ee]
[demo2.mercury.is/casino/stars-casino/feed/index.html]
[s8b2i2s2.stackpathcdn.com/wp-content/uploads/2020/04/logo-2.png]
[demo2.mercury.is/wp-json/oembed/1.0/embed3097.json]
[demo2.mercury.is/casino/ocean-casino/index.html]
[demo2.mercury.is/wp-json/oembed/1.0/embed4e17]
[demo2.mercury.is/casino/ocean-casino/feed/index.html]
[s8b2i2s2.stackpathcdn.com/wp-content/uploads/2020/04/logo-3.png]
[demo2.mercury.is/wp-json/oembed/1.0/embed0f8a.json]
[demo2.mercury.is/casino/spades-casino/feed/index.html]
[demo2.mercury.is/wp-json/oembed/1.0/embed1930]
[s8b2i2s2.stackpathcdn.com/wp-content/uploads/2020/04/AdobeStock_191270586-compressed-2000x400.jpg]
[s8b2i2s2.stackpathcdn.com/wp-content/uploads/2020/04/AdobeStock_191270586-compressed-767x767.jpg]
[s8b2i2s2.stackpathcdn.com/wp-content/uploads/2020/04/AdobeStock_191270586-compressed-479x479.jpg]
[demo2.mercury.is/casino/spades-casino/index.html]
[s8b2i2s2.stackpathcdn.com/wp-content/uploads/2020/04/logo-4.png]
[demo2.mercury.is/casino/monte-casino/index.html]
[s8b2i2s2.stackpathcdn.com/wp-content/uploads/2020/04/AdobeStock_36810999-compressed-scaled.jpg]
[demo2.mercury.is/2020/04/10/its-great-the-government-is-tightening-gambling-regulation/feed/index.html]
[demo2.mercury.is/wp-json/oembed/1.0/embed5ae4.json]
[demo2.mercury.is/2020/04/10/its-great-the-government-is-tightening-gambling-regulation/index.html]
[demo2.mercury.is/wp-json/oembed/1.0/embed7033]
[s8b2i2s2.stackpathcdn.com/wp-content/uploads/2020/04/AdobeStock_82377404-compressed-scaled.jpg]
[demo2.mercury.is/wp-json/oembed/1.0/embed057d.json]
[demo2.mercury.is/2020/04/10/china-considers-legal-gambling-on-island-the-size-of-switzerland/feed/index.html]
[demo2.mercury.is/2020/04/10/china-considers-legal-gambling-on-island-the-size-of-switzerland/index.html]
[demo2.mercury.is/wp-json/oembed/1.0/embed140f]
[s8b2i2s2.stackpathcdn.com/wp-content/uploads/2020/04/AdobeStock_231191371-compressed-scaled.jpg]
[demo2.mercury.is/2020/04/10/online-gambling-firms-face-investigation-for-cheating-customers/index.html]
[demo2.mercury.is/wp-json/oembed/1.0/embedb9b8]
[s8b2i2s2.stackpathcdn.com/wp-content/uploads/2020/04/AdobeStock_59421011-compressed-scaled.jpg]
[demo2.mercury.is/wp-json/oembed/1.0/embed9c43.json]
[demo2.mercury.is/2020/04/10/china-slowdown-spurs-first-macau-casino-revenue-drop-since-2020/feed/index.html]
[demo2.mercury.is/wp-json/oembed/1.0/embed7f78]
[demo2.mercury.is/2020/04/10/china-slowdown-spurs-first-macau-casino-revenue-drop-since-2020/index.html]
[s8b2i2s2.stackpathcdn.com/wp-content/uploads/2020/04/AdobeStock_86353212-compressed-scaled.jpg]
[demo2.mercury.is/wp-json/oembed/1.0/embed8d41.json]
[demo2.mercury.is/2020/04/10/japan-to-require-casino-resorts-to-have-unprecedentedly-big-hotels/feed/index.html]
[demo2.mercury.is/2020/04/10/japan-to-require-casino-resorts-to-have-unprecedentedly-big-hotels/index.html]
[demo2.mercury.is/wp-json/oembed/1.0/embed46b5]
[s8b2i2s2.stackpathcdn.com/wp-content/uploads/2020/04/AdobeStock_63089917-compressed-scaled.jpg]
[demo2.mercury.is/wp-json/oembed/1.0/embed2b21.json]
[demo2.mercury.is/2020/04/10/the-time-to-buy-growth-driven-stock-at-a-discount-is-now/feed/index.html]
[demo2.mercury.is/wp-json/oembed/1.0/embed1736]
[s8b2i2s2.stackpathcdn.com/wp-content/uploads/2020/04/AdobeStock_63089917-compressed-994x559.jpg]
[demo2.mercury.is/2020/04/10/the-time-to-buy-growth-driven-stock-at-a-discount-is-now/index.html]
[s8b2i2s2.stackpathcdn.com/wp-content/uploads/2020/04/AdobeStock_114578636-compressed-scaled.jpg]
[demo2.mercury.is/wp-json/oembed/1.0/embed6f47.json]
[demo2.mercury.is/2020/04/10/canada-winning-ticket-for-26-6m-lotto-max-jackpot-sold/feed/index.html]
[demo2.mercury.is/2020/04/10/canada-winning-ticket-for-26-6m-lotto-max-jackpot-sold/index.html]
[demo2.mercury.is/wp-json/oembed/1.0/embed0c36]
[s8b2i2s2.stackpathcdn.com/wp-content/uploads/2020/04/AdobeStock_65567619-compressed-scaled.jpg]
[demo2.mercury.is/wp-json/oembed/1.0/embed877c.json]
[demo2.mercury.is/2020/04/10/new-york-rangers-a-big-improvement-in-their-lottery-race-standings/feed/index.html]
[demo2.mercury.is/2020/04/10/new-york-rangers-a-big-improvement-in-their-lottery-race-standings/index.html]
[demo2.mercury.is/wp-json/oembed/1.0/embed382d]
[s8b2i2s2.stackpathcdn.com/wp-content/uploads/2020/04/AdobeStock_228317202-compressed-scaled.jpg]
[demo2.mercury.is/wp-json/oembed/1.0/embed52b9.json]
[demo2.mercury.is/2020/04/10/lotto-results-winning-national-lottery-numbers-for-saturday-february-2/feed/index.html]
[demo2.mercury.is/2020/04/10/lotto-results-winning-national-lottery-numbers-for-saturday-february-2/index.html]
[demo2.mercury.is/wp-json/oembed/1.0/embed0a44]
[s8b2i2s2.stackpathcdn.com/wp-content/uploads/2020/04/AdobeStock_76439352-compressed-scaled.jpg]
[demo2.mercury.is/wp-json/oembed/1.0/embeda78b.json]
[demo2.mercury.is/2020/04/10/writer-wins-95600-in-poker-after-learning-how-to-play-the-game/feed/index.html]
[demo2.mercury.is/2020/04/10/writer-wins-95600-in-poker-after-learning-how-to-play-the-game/index.html]
[demo2.mercury.is/wp-json/oembed/1.0/embedc74e]
[s8b2i2s2.stackpathcdn.com/wp-content/uploads/2020/04/AdobeStock_197869991-compressed-scaled.jpg]
[demo2.mercury.is/wp-json/oembed/1.0/embed0bf9.json]
[demo2.mercury.is/2020/04/10/buddhist-wins-670000-in-poker-tournament-gives-it-to-charity/feed/index.html]
[demo2.mercury.is/2020/04/10/buddhist-wins-670000-in-poker-tournament-gives-it-to-charity/index.html]
[demo2.mercury.is/wp-json/oembed/1.0/embede5f4]
[s8b2i2s2.stackpathcdn.com/wp-content/uploads/2020/04/AdobeStock_172166054-compressed-scaled.jpg]
[demo2.mercury.is/wp-json/oembed/1.0/embed13e1.json]
[demo2.mercury.is/2020/04/10/lets-watch-steve-win-more-than-100000-at-the-world-series-of-poker/feed/index.html]
[demo2.mercury.is/2020/04/10/lets-watch-steve-win-more-than-100000-at-the-world-series-of-poker/index.html]
[demo2.mercury.is/wp-json/oembed/1.0/embed3e15]
[s8b2i2s2.stackpathcdn.com/wp-content/uploads/2020/04/AdobeStock_171661589-compressed.jpg]
[demo2.mercury.is/wp-json/oembed/1.0/embed211f.json]
[demo2.mercury.is/game/star-joker/feed/index.html]
[demo2.mercury.is/game/star-joker/index.html]
[demo2.mercury.is/wp-json/oembed/1.0/embed6c18]
[s8b2i2s2.stackpathcdn.com/wp-content/uploads/2020/04/AdobeStock_225847955-compressed.jpg]
[demo2.mercury.is/wp-json/oembed/1.0/embed33e4.json]
[demo2.mercury.is/game/golden-guns/index.html]
[demo2.mercury.is/wp-json/oembed/1.0/embed8071]
[demo2.mercury.is/game/golden-guns/feed/index.html]
[s8b2i2s2.stackpathcdn.com/wp-content/uploads/2020/04/AdobeStock_225871345-compressed.jpg]
[demo2.mercury.is/wp-json/oembed/1.0/embed132a.json]
[demo2.mercury.is/wp-json/oembed/1.0/embed91bd]
[demo2.mercury.is/game/lucky-easter/feed/index.html]
[s8b2i2s2.stackpathcdn.com/wp-content/uploads/2020/04/game-8-compressed-2000x400.jpg]
[s8b2i2s2.stackpathcdn.com/wp-content/uploads/2020/04/game-8-compressed-767x767.jpg]
[s8b2i2s2.stackpathcdn.com/wp-content/uploads/2020/04/game-8-compressed-479x479.jpg]
[demo2.mercury.is/game/lucky-easter/index.html]
[s8b2i2s2.stackpathcdn.com/wp-content/uploads/2020/04/AdobeStock_225871310-compressed.jpg]
[demo2.mercury.is/game/aztec-idols/index.html]
[demo2.mercury.is/game/aztec-idols/feed/index.html]
[s8b2i2s2.stackpathcdn.com/wp-content/uploads/2020/04/AdobeStock_171854939-compressed-1.jpg]
[demo2.mercury.is/2020/04/10/gambling-firms-to-stop-advertising-during-live-sporting-events/index.html]
[demo2.mercury.is/indexd251.html]
[demo2.mercury.is/2020/04/10/gambling-firms-to-stop-advertising-during-live-sporting-events/feed/index.html]
[s8b2i2s2.stackpathcdn.com/wp-content/uploads/2020/04/Fotolia_71832467_Subscription_Monthly_M-compressed.jpg]
[demo2.mercury.is/wp-json/oembed/1.0/embedb3d5]
[demo2.mercury.is/2020/04/10/experts-football-relationship-with-gambling-disturbing/feed/index.html]
[demo2.mercury.is/indexc61d.html]
[demo2.mercury.is/wp-json/oembed/1.0/embed5aff]
[s8b2i2s2.stackpathcdn.com/wp-content/uploads/2020/04/Fotolia_71832467_Subscription_Monthly_M-compressed-994x559.jpg]
[demo2.mercury.is/2020/04/10/experts-football-relationship-with-gambling-disturbing/index.html]
[s8b2i2s2.stackpathcdn.com/wp-content/uploads/2020/04/AdobeStock_66085660-compressed-scaled.jpg]
[demo2.mercury.is/wp-json/oembed/1.0/embed666b]
[demo2.mercury.is/2020/04/10/us-election-2020-london-gambler-bets-200000-on-donald-trump-win/feed/index.html]
[demo2.mercury.is/index03bd.html]
[demo2.mercury.is/wp-json/oembed/1.0/embed.1039462.delayed]
[demo2.mercury.is/2020/04/10/us-election-2020-london-gambler-bets-200000-on-donald-trump-win/index.html]
[s8b2i2s2.stackpathcdn.com/wp-content/uploads/2020/04/Fotolia_120974570_Subscription_Monthly_M-compressed.jpg]
[demo2.mercury.is/wp-json/oembed/1.0/embeda05a]
[demo2.mercury.is/2020/04/10/super-bowl-2021-betting-more-than-300-million-in-legal-us-wagers/feed/index.html]
[demo2.mercury.is/indexcf9a.html]
[demo2.mercury.is/wp-json/oembed/1.0/embed.106aa59.delayed]
[s8b2i2s2.stackpathcdn.com/wp-content/uploads/2020/04/Fotolia_120974570_Subscription_Monthly_M-compressed-994x559.jpg]
[demo2.mercury.is/2020/04/10/super-bowl-2021-betting-more-than-300-million-in-legal-us-wagers/index.html]
[s8b2i2s2.stackpathcdn.com/wp-content/uploads/2020/04/Fotolia_116441971_Subscription_Monthly_M-compressed.jpg]
[demo2.mercury.is/wp-json/oembed/1.0/embed0ba2]
[demo2.mercury.is/2020/04/10/report-bettor-places-1-5m-wager-on-rams-in-super-bowl/feed/index.html]
[demo2.mercury.is/wp-json/oembed/1.0/embed0601]
[demo2.mercury.is/indexcfe0.html]
[s8b2i2s2.stackpathcdn.com/wp-content/uploads/2020/04/Fotolia_116441971_Subscription_Monthly_M-compressed-994x559.jpg]
[demo2.mercury.is/2020/04/10/report-bettor-places-1-5m-wager-on-rams-in-super-bowl/index.html]
[s8b2i2s2.stackpathcdn.com/wp-content/uploads/2020/04/Fotolia_62391976_Subscription_Monthly_M-compressed.jpg]
[demo2.mercury.is/wp-json/oembed/1.0/embed5701]
[demo2.mercury.is/2020/04/10/gambling-is-gradually-becoming-an-unavoidable-part-of-the-sports-experience/feed/index.html]
[demo2.mercury.is/index0133.html]
[demo2.mercury.is/wp-json/oembed/1.0/embed.10e68c3.delayed]
[s8b2i2s2.stackpathcdn.com/wp-content/uploads/2020/04/Fotolia_62391976_Subscription_Monthly_M-compressed-994x559.jpg]
[demo2.mercury.is/2020/04/10/gambling-is-gradually-becoming-an-unavoidable-part-of-the-sports-experience/index.html]
[s8b2i2s2.stackpathcdn.com/wp-content/uploads/2020/04/Fotolia_182036431_Subscription_Monthly_M-compressed.jpg]
[demo2.mercury.is/wp-json/oembed/1.0/embedb6c7]
[demo2.mercury.is/2020/04/10/betting-on-the-super-bowl-in-the-year-of-the-american-sports-gambler/feed/index.html]
[demo2.mercury.is/wp-json/oembed/1.0/embedc12c]
[demo2.mercury.is/index80c9.html]
[s8b2i2s2.stackpathcdn.com/wp-content/uploads/2020/04/Fotolia_182036431_Subscription_Monthly_M-compressed-994x559.jpg]
[demo2.mercury.is/2020/04/10/betting-on-the-super-bowl-in-the-year-of-the-american-sports-gambler/index.html]
[s8b2i2s2.stackpathcdn.com/wp-content/uploads/2020/04/AdobeStock_136492019-compressed-scaled.jpg]
[demo2.mercury.is/wp-json/oembed/1.0/embed8804]
[demo2.mercury.is/2020/04/10/aga-63-of-americans-support-legalised-sports-betting/feed/index.html]
[demo2.mercury.is/index9fa1.html]
[demo2.mercury.is/wp-json/oembed/1.0/embed12ae]
[demo2.mercury.is/2020/04/10/aga-63-of-americans-support-legalised-sports-betting/index.html]
[demo2.mercury.is/bonus-category/free-spins/index.html]
[demo2.mercury.is/wp-json/oembed/1.0/embeddeaf]
[demo2.mercury.is/bonus-category/free-spins/feed/index.html]
[demo2.mercury.is/bonus/get-100-up-to-100-88-no-deposit-at-monte-casino/feed/index.html]
[demo2.mercury.is/indexf3dd.html]
[demo2.mercury.is/bonus/play-casino-get-120-free-spins-on-star-joker/index.html]
[demo2.mercury.is/wp-json/oembed/1.0/embed.1187132.delayed]
[demo2.mercury.is/bonus/get-100-up-to-100-88-no-deposit-at-monte-casino/index.html]
[demo2.mercury.is/bonus-category/deposit-bonus/index.html]
[demo2.mercury.is/bonus-category/cashback-bonus/index.html]
[demo2.mercury.is/bonus-category/welcome-bonus/index.html]
[demo2.mercury.is/bonus-category/cashback-bonus/feed/index.html]
[demo2.mercury.is/wp-json/oembed/1.0/embed88f5]
[demo2.mercury.is/bonus-category/deposit-bonus/feed/index.html]
[demo2.mercury.is/bonus-category/welcome-bonus/feed/index.html]
[demo2.mercury.is/bonus/slots-casino-100-up-to-100-200-spins/feed/index.html]
[demo2.mercury.is/indexeb91.html]
[demo2.mercury.is/wp-json/oembed/1.0/embedd6e2]
[demo2.mercury.is/bonus/slots-casino-100-up-to-100-200-spins/index.html]
[demo2.mercury.is/restricted-country/vietnam/index.html]
[s8b2i2s2.stackpathcdn.com/wp-content/uploads/2020/04/logo-10.png]
[demo2.mercury.is/wp-json/oembed/1.0/embed51bc]
[demo2.mercury.is/casino/slots-casino/feed/index.html]
[demo2.mercury.is/wp-json/oembed/1.0/embedf392]
[demo2.mercury.is/casino/slots-casino/index.html]
[demo2.mercury.is/indexd4a6.html]
[s8b2i2s2.stackpathcdn.com/wp-content/uploads/2020/04/logo-9.png]
[demo2.mercury.is/wp-json/oembed/1.0/embed3a5a]
[demo2.mercury.is/casino/lucky-casino/feed/index.html]
[demo2.mercury.is/wp-json/oembed/1.0/embed0449]
[demo2.mercury.is/casino/lucky-casino/index.html]
[demo2.mercury.is/index9751.html]
[s8b2i2s2.stackpathcdn.com/wp-content/uploads/2020/04/logo-6.png]
[demo2.mercury.is/wp-json/oembed/1.0/embed8f30]
[demo2.mercury.is/casino/pharaoh-casino/feed/index.html]
[demo2.mercury.is/wp-json/oembed/1.0/embede722]
[demo2.mercury.is/casino/pharaoh-casino/index.html]
[demo2.mercury.is/index1a26.html]
[s8b2i2s2.stackpathcdn.com/wp-content/uploads/2020/04/logo-5.png]
[demo2.mercury.is/wp-json/oembed/1.0/embeddad8]
[demo2.mercury.is/casino/diamond-casino/feed/index.html]
[demo2.mercury.is/wp-json/oembed/1.0/embed7369]
[demo2.mercury.is/casino/diamond-casino/index.html]
[s8b2i2s2.stackpathcdn.com/wp-content/themes/mercury/images/spades.svg]
[s8b2i2s2.stackpathcdn.com/wp-content/themes/mercury/images/diamonds.svg]
[s8b2i2s2.stackpathcdn.com/wp-content/themes/mercury/images/hearts.svg]
[s8b2i2s2.stackpathcdn.com/wp-content/themes/mercury/images/clubs.svg]
[demo2.mercury.is/indexcaf0.html]
[demo2.mercury.is/index36d4.html]
[demo2.mercury.is/indexd5db.html]
[demo2.mercury.is/xmlrpc.php]
[demo2.mercury.is/author/jonathan-archer/index.html]
[demo2.mercury.is/tag/betting/index.html]
[demo2.mercury.is/index269b.html]
[demo2.mercury.is/wp-json/oembed/1.0/embed8598]
[demo2.mercury.is/tag/casino/index.html]
[demo2.mercury.is/author/jonathan-archer/feed/index.html]
[demo2.mercury.is/tag/betting/page/2/index.html]
[demo2.mercury.is/author/jonathan-archer/page/3/index.html]
[demo2.mercury.is/tag/gambling/index.html]
[demo2.mercury.is/tag/betting/feed/index.html]
[demo2.mercury.is/tag/betting/page/3/index.html]
[demo2.mercury.is/tag/game/index.html]
[demo2.mercury.is/tag/casino/feed/index.html]
[demo2.mercury.is/tag/casino/page/2/index.html]
[demo2.mercury.is/tag/casino/page/3/index.html]
[demo2.mercury.is/tag/poker/index.html]
[demo2.mercury.is/tag/gambling/page/2/index.html]
[demo2.mercury.is/tag/slots/index.html]
[demo2.mercury.is/tag/gambling/feed/index.html]
[demo2.mercury.is/tag/gambling/page/3/index.html]
[demo2.mercury.is/index8e1b.html]
[demo2.mercury.is/tag/game/page/2/index.html]
[demo2.mercury.is/tag/game/feed/index.html]
[demo2.mercury.is/indexd027.html]
[demo2.mercury.is/tag/game/page/3/index.html]
[demo2.mercury.is/tag/poker/page/2/index.html]
[demo2.mercury.is/tag/poker/feed/index.html]
[demo2.mercury.is/index88a0.html]
[demo2.mercury.is/tag/poker/page/3/index.html]
[demo2.mercury.is/tag/slots/page/2/index.html]
[demo2.mercury.is/casino/royal-casino/feed/index.html]
[demo2.mercury.is/index3ba0.html]
[demo2.mercury.is/software/augue-gaming/index.html]
[demo2.mercury.is/tag/slots/feed/index.html]
[demo2.mercury.is/software/elementum/index.html]
[demo2.mercury.is/software/augue-gaming/page/2/index.html]
[demo2.mercury.is/tag/slots/page/3/index.html]
[demo2.mercury.is/software/faucibus/index.html]
[demo2.mercury.is/2020/04/10/poker-player-locks-himself-in-isolation-for-20-days-to-win-64200/feed/index.html]
[demo2.mercury.is/software/hendrerit/index.html]
[demo2.mercury.is/software/augue-gaming/feed/index.html]
[demo2.mercury.is/software/lacus-games/index.html]
[demo2.mercury.is/software/elementum/page/2/index.html]
[demo2.mercury.is/software/elementum/feed/index.html]
[demo2.mercury.is/software/laoreet/index.html]
[demo2.mercury.is/software/faucibus/page/2/index.html]
[demo2.mercury.is/software/faucibus/feed/index.html]
[demo2.mercury.is/software/praesent-magna/index.html]
[demo2.mercury.is/software/hendrerit/page/2/index.html]
[demo2.mercury.is/software/hendrerit/feed/index.html]
[demo2.mercury.is/software/vel-tech/index.html]
[demo2.mercury.is/software/lacus-games/page/2/index.html]
[demo2.mercury.is/software/lacus-games/feed/index.html]
[demo2.mercury.is/software/velit-egestas/index.html]
[demo2.mercury.is/software/laoreet/page/2/index.html]
[demo2.mercury.is/software/laoreet/feed/index.html]
[demo2.mercury.is/deposit-method/atm/index.html]
[demo2.mercury.is/software/praesent-magna/page/2/index.html]
[demo2.mercury.is/software/praesent-magna/feed/index.html]
[demo2.mercury.is/deposit-method/bank-wire-transfer/index.html]
[demo2.mercury.is/software/vel-tech/page/2/index.html]
[demo2.mercury.is/software/vel-tech/feed/index.html]
[demo2.mercury.is/deposit-method/neteller/index.html]
[demo2.mercury.is/software/velit-egestas/page/2/index.html]
[demo2.mercury.is/software/velit-egestas/feed/index.html]
[demo2.mercury.is/deposit-method/payeer/index.html]
[demo2.mercury.is/deposit-method/atm/page/2/index.html]
[demo2.mercury.is/deposit-method/atm/feed/index.html]
[demo2.mercury.is/deposit-method/paypal/index.html]
[demo2.mercury.is/deposit-method/bank-wire-transfer/page/2/index.html]
[demo2.mercury.is/deposit-method/bank-wire-transfer/feed/index.html]
[demo2.mercury.is/deposit-method/skrill/index.html]
[demo2.mercury.is/deposit-method/payeer/page/2/index.html]
[demo2.mercury.is/deposit-method/neteller/page/2/index.html]
[demo2.mercury.is/deposit-method/neteller/feed/index.html]
[demo2.mercury.is/deposit-method/unionpay/index.html]
[demo2.mercury.is/deposit-method/payeer/feed/index.html]
[demo2.mercury.is/deposit-method/visa/index.html]
[demo2.mercury.is/deposit-method/paypal/page/2/index.html]
[demo2.mercury.is/deposit-method/paypal/feed/index.html]
[demo2.mercury.is/withdrawal-method/mastercard/index.html]
[demo2.mercury.is/deposit-method/skrill/page/2/index.html]
[demo2.mercury.is/deposit-method/skrill/feed/index.html]
[demo2.mercury.is/deposit-method/unionpay/page/2/index.html]
[demo2.mercury.is/withdrawal-method/neteller/index.html]
[demo2.mercury.is/deposit-method/unionpay/feed/index.html]
[demo2.mercury.is/withdrawal-method/skrill/index.html]
[demo2.mercury.is/deposit-method/visa/page/2/index.html]
[demo2.mercury.is/deposit-method/visa/feed/index.html]
[demo2.mercury.is/withdrawal-method/visa/index.html]
[demo2.mercury.is/withdrawal-method/mastercard/page/2/index.html]
[demo2.mercury.is/withdrawal-method/mastercard/feed/index.html]
[demo2.mercury.is/withdrawal-method/wirecard/index.html]
[demo2.mercury.is/withdrawal-method/neteller/page/2/index.html]
[demo2.mercury.is/withdrawal-method/neteller/feed/index.html]
[demo2.mercury.is/withdrawal-limit/1000-per-day/index.html]
[demo2.mercury.is/withdrawal-method/skrill/page/2/index.html]
[demo2.mercury.is/withdrawal-method/skrill/feed/index.html]
[demo2.mercury.is/withdrawal-limit/4000-per-week/index.html]
[demo2.mercury.is/withdrawal-method/visa/page/2/index.html]
[demo2.mercury.is/withdrawal-method/visa/feed/index.html]
[demo2.mercury.is/withdrawal-limit/8000-per-month/index.html]
[demo2.mercury.is/withdrawal-method/wirecard/page/2/index.html]
[demo2.mercury.is/withdrawal-method/wirecard/feed/index.html]
[demo2.mercury.is/licence/curacao/index.html]
[demo2.mercury.is/withdrawal-limit/1000-per-day/page/2/index.html]
[demo2.mercury.is/withdrawal-limit/1000-per-day/feed/index.html]
[demo2.mercury.is/licence/malta-gaming-authority/index.html]
[demo2.mercury.is/withdrawal-limit/4000-per-week/page/2/index.html]
[demo2.mercury.is/withdrawal-limit/4000-per-week/feed/index.html]
[demo2.mercury.is/licence/swedish-gambling-authority/index.html]
[demo2.mercury.is/withdrawal-limit/8000-per-month/page/2/index.html]
[demo2.mercury.is/withdrawal-limit/8000-per-month/feed/index.html]
[demo2.mercury.is/licence/uk-gambling-commission/index.html]
[demo2.mercury.is/licence/curacao/page/2/index.html]
[demo2.mercury.is/licence/curacao/feed/index.html]
[demo2.mercury.is/language/chinese/index.html]
[demo2.mercury.is/licence/malta-gaming-authority/page/2/index.html]
[demo2.mercury.is/licence/malta-gaming-authority/feed/index.html]
[demo2.mercury.is/language/czech/index.html]
[demo2.mercury.is/licence/swedish-gambling-authority/page/2/index.html]
[demo2.mercury.is/licence/swedish-gambling-authority/feed/index.html]
[demo2.mercury.is/language/dutch/index.html]
[demo2.mercury.is/licence/uk-gambling-commission/page/2/index.html]
[demo2.mercury.is/licence/uk-gambling-commission/feed/index.html]
[demo2.mercury.is/language/english/index.html]
[demo2.mercury.is/language/chinese/feed/index.html]
[demo2.mercury.is/language/czech/feed/index.html]
[demo2.mercury.is/language/finnish/index.html]
[demo2.mercury.is/currency/brl/index.html]
[demo2.mercury.is/language/dutch/feed/index.html]
[demo2.mercury.is/currency/btc/index.html]
[demo2.mercury.is/language/english/feed/index.html]
[demo2.mercury.is/language/finnish/feed/index.html]
[demo2.mercury.is/currency/brl/page/2/index.html]
[demo2.mercury.is/currency/czk/index.html]
[demo2.mercury.is/currency/brl/feed/index.html]
[demo2.mercury.is/currency/eth/index.html]
[demo2.mercury.is/currency/btc/page/2/index.html]
[demo2.mercury.is/currency/btc/feed/index.html]
[demo2.mercury.is/currency/czk/page/2/index.html]
[demo2.mercury.is/currency/eur/index.html]
[demo2.mercury.is/currency/czk/feed/index.html]
[demo2.mercury.is/currency/rub/index.html]
[demo2.mercury.is/currency/eth/page/2/index.html]
[demo2.mercury.is/currency/eth/feed/index.html]
[demo2.mercury.is/currency/eur/page/2/index.html]
[demo2.mercury.is/currency/sek/index.html]
[demo2.mercury.is/currency/eur/feed/index.html]
[demo2.mercury.is/currency/try/index.html]
[demo2.mercury.is/currency/rub/page/2/index.html]
[demo2.mercury.is/currency/rub/feed/index.html]
[demo2.mercury.is/currency/sek/page/2/index.html]
[demo2.mercury.is/currency/uah/index.html]
[demo2.mercury.is/currency/sek/feed/index.html]
[demo2.mercury.is/currency/usd/index.html]
[demo2.mercury.is/currency/try/page/2/index.html]
[demo2.mercury.is/currency/try/feed/index.html]
[demo2.mercury.is/currency/uah/page/2/index.html]
[demo2.mercury.is/currency/xrp/index.html]
[demo2.mercury.is/currency/uah/feed/index.html]
[demo2.mercury.is/device/desktop/index.html]
[demo2.mercury.is/currency/usd/page/2/index.html]
[demo2.mercury.is/currency/usd/feed/index.html]
[demo2.mercury.is/device/mobile/index.html]
[demo2.mercury.is/currency/xrp/page/2/index.html]
[demo2.mercury.is/currency/xrp/feed/index.html]
[demo2.mercury.is/device/smart-tv/index.html]
[demo2.mercury.is/device/desktop/page/2/index.html]
[demo2.mercury.is/device/tablet/index.html]
[demo2.mercury.is/device/desktop/feed/index.html]
[demo2.mercury.is/device/mobile/page/2/index.html]
[demo2.mercury.is/device/mobile/feed/index.html]
[demo2.mercury.is/device/smart-tv/page/2/index.html]
[demo2.mercury.is/device/smart-tv/feed/index.html]
[demo2.mercury.is/device/tablet/page/2/index.html]
[demo2.mercury.is/device/tablet/feed/index.html]
[s8b2i2s2.stackpathcdn.com/wp-content/uploads/2020/04/AdobeStock_171661200-compressed.jpg]
[demo2.mercury.is/wp-json/oembed/1.0/embeda054]
[demo2.mercury.is/game/mayan-gods/feed/index.html]
[demo2.mercury.is/wp-json/oembed/1.0/embed1131]
[demo2.mercury.is/game/mayan-gods/index.html]
[demo2.mercury.is/indexa09e.html]
[s8b2i2s2.stackpathcdn.com/wp-content/uploads/2020/04/AdobeStock_225868535-compressed.jpg]
[demo2.mercury.is/wp-json/oembed/1.0/embedff07]
[demo2.mercury.is/game/wild-worlds/feed/index.html]
[demo2.mercury.is/indexa828.html]
[demo2.mercury.is/wp-json/oembed/1.0/embede0c2]
[demo2.mercury.is/game/wild-worlds/index.html]
[demo2.mercury.is/casino/sport-casino/feed/index.html]
[demo2.mercury.is/index460d.html]
[demo2.mercury.is/language/french/index.html]
[demo2.mercury.is/language/german/index.html]
[demo2.mercury.is/language/italian/index.html]
[demo2.mercury.is/language/norwegian/index.html]
[demo2.mercury.is/language/german/feed/index.html]
[demo2.mercury.is/language/italian/feed/index.html]
[demo2.mercury.is/language/french/feed/index.html]
[demo2.mercury.is/language/portuguese/index.html]
[demo2.mercury.is/language/norwegian/feed/index.html]
[demo2.mercury.is/language/portuguese/feed/index.html]
[s8b2i2s2.stackpathcdn.com/wp-content/uploads/2020/04/AdobeStock_225861761-compressed.jpg]
[demo2.mercury.is/wp-json/oembed/1.0/embedae8f]
[demo2.mercury.is/game/panda-jones/feed/index.html]
[demo2.mercury.is/wp-json/oembed/1.0/embed8572]
[demo2.mercury.is/game/panda-jones/index.html]
[demo2.mercury.is/index3350.html]
[s8b2i2s2.stackpathcdn.com/wp-content/uploads/2020/04/AdobeStock_225847986-compressed-1.jpg]
[demo2.mercury.is/wp-json/oembed/1.0/embed8e2c]
[demo2.mercury.is/game/sparta-bay/index.html]
[demo2.mercury.is/casino/poker-casino/feed/index.html]
[demo2.mercury.is/indexbbbb.html]
[demo2.mercury.is/language/russian/index.html]
[demo2.mercury.is/game/sparta-bay/feed/index.html]
[demo2.mercury.is/language/serbian/index.html]
[demo2.mercury.is/index17d5.html]
[demo2.mercury.is/language/swedish/index.html]
[demo2.mercury.is/language/russian/feed/index.html]
[demo2.mercury.is/language/turkish/index.html]
[demo2.mercury.is/language/serbian/feed/index.html]
[demo2.mercury.is/language/swedish/feed/index.html]
[demo2.mercury.is/language/ukrainian/index.html]
[demo2.mercury.is/language/turkish/feed/index.html]
[demo2.mercury.is/language/ukrainian/feed/index.html]
[s8b2i2s2.stackpathcdn.com/wp-content/uploads/2020/04/AdobeStock_226842678-compressed.jpg]
[demo2.mercury.is/wp-json/oembed/1.0/embedcaf1]
[demo2.mercury.is/game/cash-vandal/feed/index.html]
[demo2.mercury.is/wp-json/oembed/1.0/embed9228]
[demo2.mercury.is/game/cash-vandal/index.html]
[demo2.mercury.is/casino/golden-casino/feed/index.html]
[demo2.mercury.is/index0a10.html]
[demo2.mercury.is/casino/play-casino/feed/index.html]
[demo2.mercury.is/index7737.html]
[demo2.mercury.is/casino/texas-casino/feed/index.html]
[demo2.mercury.is/indexdb84.html]
[demo2.mercury.is/indexec4a.html]
[s8b2i2s2.stackpathcdn.com/wp-content/uploads/2020/04/AdobeStock_171659454-compressed-1.jpg]
[demo2.mercury.is/wp-json/oembed/1.0/embed5ba3]
[demo2.mercury.is/game/crystal-sun/feed/index.html]
[demo2.mercury.is/wp-json/oembed/1.0/embed02c5]
[demo2.mercury.is/game/crystal-sun/index.html]
[demo2.mercury.is/game/stars-maker/feed/index.html]
[demo2.mercury.is/index2cce.html]
[demo2.mercury.is/restricted-country/united-kingdom/index.html]
[demo2.mercury.is/vendor/base/index.html]
[demo2.mercury.is/game/winter-berries/feed/index.html]
[demo2.mercury.is/indexd7d8.html]
[demo2.mercury.is/vendor/studio/index.html]
[demo2.mercury.is/indexff23.html]
[demo2.mercury.is/game/gods-of-gold/feed/index.html]
[demo2.mercury.is/index5791.html]
[demo2.mercury.is/game/lucky-dragon/feed/index.html]
[demo2.mercury.is/indexb950.html]
[demo2.mercury.is/restricted-country/ukraine/index.html]
[demo2.mercury.is/restricted-country/united-kingdom/feed/index.html]
[demo2.mercury.is/vendor/studio/feed/index.html]
[demo2.mercury.is/restricted-country/ukraine/feed/index.html]
[s8b2i2s2.stackpathcdn.com/wp-content/uploads/2020/04/logo-8.png]
[demo2.mercury.is/wp-json/oembed/1.0/embed220e]
[demo2.mercury.is/casino/win-casino/feed/index.html]
[demo2.mercury.is/wp-json/oembed/1.0/embed1fc9]
[demo2.mercury.is/casino/win-casino/index.html]
[demo2.mercury.is/game/deep-sea/feed/index.html]
[demo2.mercury.is/index8816.html]
[demo2.mercury.is/index4034.html]
[demo2.mercury.is/indexd52d.html]
[demo2.mercury.is/bonus/up-to-500-bonus-50-bonus-spins-at-royal/feed/index.html]
[demo2.mercury.is/index4e6a.html]
[demo2.mercury.is/wp-json/oembed/1.0/embedaf41]
[demo2.mercury.is/game/new-camelot/feed/index.html]
[demo2.mercury.is/wp-json/oembed/1.0/embed1877]
[demo2.mercury.is/bonus/10-wager-free-spins-up-to-200-on-first-deposit/feed/index.html]
[demo2.mercury.is/wp-json/oembed/1.0/embedb0dd]
[demo2.mercury.is/index5721.html]
[demo2.mercury.is/wp-json/oembed/1.0/embede9dc]
[demo2.mercury.is/bonus/10-wager-free-spins-up-to-200-on-first-deposit/index.html]
[s8b2i2s2.stackpathcdn.com/wp-content/uploads/2020/04/AdobeStock_108844890-compressed-scaled.jpg]
[demo2.mercury.is/wp-json/oembed/1.0/embedc141]
[demo2.mercury.is/bonus/get-100-match-bonus-up-to-100-100-spins/feed/index.html]
[demo2.mercury.is/wp-json/oembed/1.0/embed20d1]
[demo2.mercury.is/index28c5.html]
[s8b2i2s2.stackpathcdn.com/wp-content/uploads/2020/04/AdobeStock_108844890-compressed-900x675.jpg]
[demo2.mercury.is/bonus/get-100-match-bonus-up-to-100-100-spins/index.html]
[s8b2i2s2.stackpathcdn.com/wp-content/uploads/2020/04/AdobeStock_173841456-compressed-scaled.jpg]
[demo2.mercury.is/wp-json/oembed/1.0/embed131a]
[demo2.mercury.is/bonus/ocean-casino-100-bonus-cash-200-bonus-spins/feed/index.html]
[demo2.mercury.is/wp-json/oembed/1.0/embed9687]
[demo2.mercury.is/indexb998.html]
[s8b2i2s2.stackpathcdn.com/wp-content/uploads/2020/04/AdobeStock_173841456-compressed-900x675.jpg]
[demo2.mercury.is/bonus/ocean-casino-100-bonus-cash-200-bonus-spins/index.html]
[demo2.mercury.is/bonus/get-100-up-to-150-50-bonus-spins-at-play/feed/index.html]
[demo2.mercury.is/index0114.html]
[demo2.mercury.is/wp-json/oembed/1.0/embed.14670c2.delayed]
[demo2.mercury.is/bonus/claim-a-100-deposit-bonus-up-to-250-free-spins/feed/index.html]
[demo2.mercury.is/indexc39e.html]
[demo2.mercury.is/wp-json/oembed/1.0/embedc4ac]
[demo2.mercury.is/bonus/claim-a-100-deposit-bonus-up-to-250-free-spins/index.html]
[demo2.mercury.is/wp-json/oembed/1.0/embed0a8c]
[demo2.mercury.is/bonus/spades-casino-200-up-to-200-up-to-200-spins/feed/index.html]
[demo2.mercury.is/wp-json/oembed/1.0/embed2d7f]
[demo2.mercury.is/index78d6.html]
[s8b2i2s2.stackpathcdn.com/wp-content/uploads/2020/04/AdobeStock_112495114-compressed-900x675.jpg]
[demo2.mercury.is/bonus/spades-casino-200-up-to-200-up-to-200-spins/index.html]
[s8b2i2s2.stackpathcdn.com/wp-content/uploads/2020/04/AdobeStock_272832847-compressed-scaled.jpg]
[demo2.mercury.is/wp-json/oembed/1.0/embed7c02]
[demo2.mercury.is/bonus/200-match-bonus-up-to-500-20-bonus-spins/feed/index.html]
[demo2.mercury.is/indexc885.html]
[demo2.mercury.is/wp-json/oembed/1.0/embed.14d55e2.delayed]
[demo2.mercury.is/bonus/200-match-bonus-up-to-500-20-bonus-spins/index.html]
[demo2.mercury.is/indexeffc.html]
[s8b2i2s2.stackpathcdn.com/wp-content/uploads/2020/04/logo-7.png]
[demo2.mercury.is/wp-json/oembed/1.0/embed9133]
[demo2.mercury.is/casino/space-casino/feed/index.html]
[demo2.mercury.is/wp-json/oembed/1.0/embedf333]
[demo2.mercury.is/casino/space-casino/index.html]
[demo2.mercury.is/casino-category/certified-casinos/index.html]
[demo2.mercury.is/casino-category/mobile-casinos/index.html]
[demo2.mercury.is/casino-category/newest-casinos/index.html]
[demo2.mercury.is/index86fa.html]
[demo2.mercury.is/casino-category/certified-casinos/feed/index.html]
[demo2.mercury.is/casino-category/mobile-casinos/feed/index.html]
[demo2.mercury.is/index481e.html]
[demo2.mercury.is/game-category/new-games/index.html]
[demo2.mercury.is/game-category/table-games/index.html]
[demo2.mercury.is/casino-category/newest-casinos/feed/index.html]
[demo2.mercury.is/game-category/upcoming-games/index.html]
[demo2.mercury.is/casino-category/online-casinos/index.html]
[demo2.mercury.is/game-category/slots/index.html]
[demo2.mercury.is/game-category/table-games/feed/index.html]
[demo2.mercury.is/game-category/new-games/feed/index.html]
[demo2.mercury.is/index18ee.html]
[demo2.mercury.is/game-category/upcoming-games/feed/index.html]
[demo2.mercury.is/game-category/slots/feed/index.html]
[s8b2i2s2.stackpathcdn.com/wp-content/uploads/2020/04/AdobeStock_77792540-compressed-scaled.jpg]
[demo2.mercury.is/wp-json/oembed/1.0/embed45f1]
[demo2.mercury.is/bonus/100-match-bonus-on-poker-at-genting-casino/feed/index.html]
[demo2.mercury.is/wp-json/oembed/1.0/embed08be]
[demo2.mercury.is/indexae74.html]
[s8b2i2s2.stackpathcdn.com/wp-content/uploads/2020/04/AdobeStock_77792540-compressed-900x675.jpg]
[demo2.mercury.is/bonus/100-match-bonus-on-poker-at-genting-casino/index.html]
[demo2.mercury.is/wp-json/oembed/1.0/embed6f08]
[demo2.mercury.is/bonus/get-10-no-deposit-spins-100-up-to-200/index.html]
[demo2.mercury.is/index55d4.html]
[demo2.mercury.is/indexcc0f.html]
[demo2.mercury.is/casinos/page/2/index.html]
[demo2.mercury.is/index45c8.html]
[demo2.mercury.is/bonus/get-10-no-deposit-spins-100-up-to-200/feed/index.html]
[demo2.mercury.is/indexa8da.html]
[demo2.mercury.is/casinos-archive-template-3/page/2/index.html]
[demo2.mercury.is/indexd0b8.html]
[demo2.mercury.is/casinos-archive-template-4/page/2/index.html]
[demo2.mercury.is/index486a.html]
[demo2.mercury.is/casinos-archive-template-5/page/2/index.html]
[demo2.mercury.is/index8902.html]
[demo2.mercury.is/casinos-archive-template-6/page/2/index.html]
[demo2.mercury.is/index820e.html]
[demo2.mercury.is/casinos-archive-template-7/page/2/index.html]
[demo2.mercury.is/index21b7.html]
[demo2.mercury.is/casinos-archive-template-8/page/2/index.html]
[demo2.mercury.is/index96f1.html]
[demo2.mercury.is/games/page/2/index.html]
[demo2.mercury.is/index07ee.html]
[demo2.mercury.is/games-archive-template-2/page/2/index.html]
[demo2.mercury.is/indexe839.html]
[demo2.mercury.is/indexc140.html]
[s8b2i2s2.stackpathcdn.com/wp-content/uploads/2020/04/logo-12-450x317.html]
[demo2.mercury.is/casinos-archive-template-2/page/2/index.html]
[demo2.mercury.is/wp-json/oembed/1.0/embed07d4]
[demo2.mercury.is/bonus/lucky-casino-up-to-e800-bonus-100-free-spins/feed/index.html]
[demo2.mercury.is/wp-json/oembed/1.0/embed8b37]
[demo2.mercury.is/index5051.html]
[demo2.mercury.is/bonus/lucky-casino-up-to-e800-bonus-100-free-spins/index.html]
[demo2.mercury.is/wp-json/oembed/1.0/embed4ebf]
[demo2.mercury.is/bonus/monte-casino-10-no-deposit-spins-100-bonus/feed/index.html]
[demo2.mercury.is/wp-json/oembed/1.0/embed33e3]
[demo2.mercury.is/bonus/monte-casino-10-no-deposit-spins-100-bonus/index.html]
[demo2.mercury.is/index85b3.html]
[s8b2i2s2.stackpathcdn.com/wp-content/uploads/2020/04/AdobeStock_181858783-compressed-scaled.jpg]
[demo2.mercury.is/wp-json/oembed/1.0/embedb67f]
[demo2.mercury.is/bonus/get-100-up-to-150-50-bonus-spins-at-space/feed/index.html]
[demo2.mercury.is/wp-json/oembed/1.0/embed3aeb]
[demo2.mercury.is/indexbbbf.html]
[s8b2i2s2.stackpathcdn.com/wp-content/uploads/2020/04/AdobeStock_181858783-compressed-900x675.jpg]
[demo2.mercury.is/bonus/get-100-up-to-150-50-bonus-spins-at-space/index.html]
[demo2.mercury.is/bonuses/page/2/index.html]
[demo2.mercury.is/indexbde5.html]
[demo2.mercury.is/news/page/2/index.html]
[demo2.mercury.is/news/page/3/index.html]
[demo2.mercury.is/index50f6.html]
[demo2.mercury.is/indexc094.html]
[demo2.mercury.is/indexd7c9.html]
[demo2.mercury.is/index0e62.html]
[demo2.mercury.is/casino/stars-casino/feed/index.html]
[demo2.mercury.is/index56d6.html]
[demo2.mercury.is/casino/ocean-casino/feed/index.html]
[demo2.mercury.is/indexa36b.html]
[demo2.mercury.is/casino/spades-casino/feed/index.html]
[demo2.mercury.is/indexf488.html]
[demo2.mercury.is/indexdc22.html]
[demo2.mercury.is/wp-json/oembed/1.0/embedea17]
[demo2.mercury.is/casino/monte-casino/feed/index.html]
[demo2.mercury.is/wp-json/oembed/1.0/embed949a]
[demo2.mercury.is/index3786.html]
[demo2.mercury.is/indexb773.html]
[demo2.mercury.is/indexc807.html]
[demo2.mercury.is/indexa8b8.html]
[demo2.mercury.is/index3dc6.html]
[demo2.mercury.is/index6cd9.html]
[demo2.mercury.is/index67bc.html]
[demo2.mercury.is/indexa943.html]
[demo2.mercury.is/index4978.html]
[demo2.mercury.is/indexcde3.html]
[demo2.mercury.is/index6233.html]
[demo2.mercury.is/game/star-joker/feed/index.html]
[demo2.mercury.is/indexe8f5.html]
[demo2.mercury.is/game/golden-guns/feed/index.html]
[demo2.mercury.is/index7c2c.html]
[demo2.mercury.is/game/lucky-easter/feed/index.html]
[demo2.mercury.is/indexccf8.html]
[demo2.mercury.is/game/aztec-idols/feed/index.html]
[demo2.mercury.is/indexb7c7.html]
[demo2.mercury.is/2020/04/10/online-gambling-firms-face-investigation-for-cheating-customers/feed/index.html]
[demo2.mercury.is/wp-json/oembed/1.0/embededff]
[demo2.mercury.is/2020/04/10/gambling-firms-to-stop-advertising-during-live-sporting-events/feed/index.html]
[demo2.mercury.is/indexd251.html]
[demo2.mercury.is/index7d69.html]
[demo2.mercury.is/wp-json/oembed/1.0/embed6e68]
[demo2.mercury.is/2020/04/10/experts-football-relationship-with-gambling-disturbing/feed/index.html]
[demo2.mercury.is/indexc61d.html]
[demo2.mercury.is/wp-json/oembed/1.0/embedb3d5.html]
[demo2.mercury.is/wp-json/oembed/1.0/embed5aff.html]
[demo2.mercury.is/2020/04/10/us-election-2020-london-gambler-bets-200000-on-donald-trump-win/feed/index.html]
[demo2.mercury.is/index03bd.html]
[demo2.mercury.is/wp-json/oembed/1.0/embed666b.html]
[demo2.mercury.is/wp-json/oembed/1.0/embed9462.html]
[demo2.mercury.is/2020/04/10/super-bowl-2021-betting-more-than-300-million-in-legal-us-wagers/feed/index.html]
[demo2.mercury.is/indexcf9a.html]
[demo2.mercury.is/wp-json/oembed/1.0/embeda05a.html]
[demo2.mercury.is/wp-json/oembed/1.0/embedaa59.html]
[demo2.mercury.is/2020/04/10/report-bettor-places-1-5m-wager-on-rams-in-super-bowl/feed/index.html]
[demo2.mercury.is/indexcfe0.html]
[demo2.mercury.is/wp-json/oembed/1.0/embed0ba2.html]
[demo2.mercury.is/wp-json/oembed/1.0/embed0601.html]
[demo2.mercury.is/2020/04/10/gambling-is-gradually-becoming-an-unavoidable-part-of-the-sports-experience/feed/index.html]
[demo2.mercury.is/index0133.html]
[demo2.mercury.is/wp-json/oembed/1.0/embed5701.html]
[demo2.mercury.is/wp-json/oembed/1.0/embed68c3.html]
[demo2.mercury.is/2020/04/10/betting-on-the-super-bowl-in-the-year-of-the-american-sports-gambler/feed/index.html]
[demo2.mercury.is/index80c9.html]
[demo2.mercury.is/wp-json/oembed/1.0/embedb6c7.html]
[demo2.mercury.is/wp-json/oembed/1.0/embedc12c.html]
[demo2.mercury.is/2020/04/10/aga-63-of-americans-support-legalised-sports-betting/feed/index.html]
[demo2.mercury.is/index9fa1.html]
[demo2.mercury.is/wp-json/oembed/1.0/embed8804.html]
[demo2.mercury.is/wp-json/oembed/1.0/embed12ae.html]
[demo2.mercury.is/bonus-category/free-spins/feed/index.html]
[demo2.mercury.is/bonus/play-casino-get-120-free-spins-on-star-joker/index.html]
[demo2.mercury.is/bonus/get-100-up-to-100-88-no-deposit-at-monte-casino/feed/index.html]
[demo2.mercury.is/indexf3dd.html]
[demo2.mercury.is/wp-json/oembed/1.0/embeddeaf.html]
[demo2.mercury.is/wp-json/oembed/1.0/embed7132.html]
[demo2.mercury.is/bonus-category/deposit-bonus/feed/index.html]
[demo2.mercury.is/bonus-category/cashback-bonus/feed/index.html]
[demo2.mercury.is/bonus-category/welcome-bonus/feed/index.html]
[demo2.mercury.is/bonus/slots-casino-100-up-to-100-200-spins/feed/index.html]
[demo2.mercury.is/indexeb91.html]
[demo2.mercury.is/wp-json/oembed/1.0/embed88f5.html]
[demo2.mercury.is/wp-json/oembed/1.0/embedd6e2.html]
[demo2.mercury.is/restricted-country/vietnam/index.html]
[demo2.mercury.is/casino/slots-casino/feed/index.html]
[demo2.mercury.is/indexd4a6.html]
[demo2.mercury.is/wp-json/oembed/1.0/embed51bc.html]
[demo2.mercury.is/wp-json/oembed/1.0/embedf392.html]
[demo2.mercury.is/casino/lucky-casino/feed/index.html]
[demo2.mercury.is/index9751.html]
[demo2.mercury.is/wp-json/oembed/1.0/embed3a5a.html]
[demo2.mercury.is/wp-json/oembed/1.0/embed0449.html]
[demo2.mercury.is/casino/pharaoh-casino/feed/index.html]
[demo2.mercury.is/index1a26.html]
[demo2.mercury.is/wp-json/oembed/1.0/embed8f30.html]
[demo2.mercury.is/wp-json/oembed/1.0/embede722.html]
[demo2.mercury.is/casino/diamond-casino/feed/index.html]
[demo2.mercury.is/index269b.html]
[demo2.mercury.is/wp-json/oembed/1.0/embeddad8.html]
[demo2.mercury.is/wp-json/oembed/1.0/embed7369.html]
[demo2.mercury.is/wp-json/oembed/1.0/embed8598]
[demo2.mercury.is/wp-json/oembed/1.0/embeddbf8]
[demo2.mercury.is/wp-json/oembed/1.0/embed32ce]
[demo2.mercury.is/author/jonathan-archer/feed/index.html]
[demo2.mercury.is/author/jonathan-archer/page/3/index.html]
[demo2.mercury.is/tag/betting/page/2/index.html]
[demo2.mercury.is/tag/betting/feed/index.html]
[demo2.mercury.is/tag/betting/page/3/index.html]
[demo2.mercury.is/tag/casino/page/2/index.html]
[demo2.mercury.is/tag/casino/feed/index.html]
[demo2.mercury.is/tag/casino/page/3/index.html]
[demo2.mercury.is/tag/gambling/page/2/index.html]
[demo2.mercury.is/tag/gambling/feed/index.html]
[demo2.mercury.is/tag/gambling/page/3/index.html]
[demo2.mercury.is/tag/game/page/2/index.html]
[demo2.mercury.is/tag/game/feed/index.html]
[demo2.mercury.is/tag/game/page/3/index.html]
[demo2.mercury.is/tag/poker/page/2/index.html]
[demo2.mercury.is/tag/poker/feed/index.html]
[demo2.mercury.is/tag/poker/page/3/index.html]
[demo2.mercury.is/tag/slots/page/2/index.html]
[demo2.mercury.is/tag/slots/feed/index.html]
[demo2.mercury.is/tag/slots/page/3/index.html]
[demo2.mercury.is/2020/04/10/poker-player-locks-himself-in-isolation-for-20-days-to-win-64200/feed/index.html]
[demo2.mercury.is/software/augue-gaming/page/2/index.html]
[demo2.mercury.is/software/augue-gaming/feed/index.html]
[demo2.mercury.is/software/elementum/page/2/index.html]
[demo2.mercury.is/software/elementum/feed/index.html]
[demo2.mercury.is/software/faucibus/page/2/index.html]
[demo2.mercury.is/software/faucibus/feed/index.html]
[demo2.mercury.is/software/hendrerit/page/2/index.html]
[demo2.mercury.is/software/hendrerit/feed/index.html]
[demo2.mercury.is/software/lacus-games/page/2/index.html]
[demo2.mercury.is/software/lacus-games/feed/index.html]
[demo2.mercury.is/software/laoreet/page/2/index.html]
[demo2.mercury.is/software/laoreet/feed/index.html]
[demo2.mercury.is/software/praesent-magna/page/2/index.html]
[demo2.mercury.is/software/praesent-magna/feed/index.html]
[demo2.mercury.is/software/vel-tech/page/2/index.html]
[demo2.mercury.is/software/vel-tech/feed/index.html]
[demo2.mercury.is/software/velit-egestas/page/2/index.html]
[demo2.mercury.is/software/velit-egestas/feed/index.html]
[demo2.mercury.is/deposit-method/atm/page/2/index.html]
[demo2.mercury.is/deposit-method/atm/feed/index.html]
[demo2.mercury.is/deposit-method/bank-wire-transfer/page/2/index.html]
[demo2.mercury.is/deposit-method/bank-wire-transfer/feed/index.html]
[demo2.mercury.is/deposit-method/neteller/page/2/index.html]
[demo2.mercury.is/deposit-method/neteller/feed/index.html]
[demo2.mercury.is/deposit-method/payeer/page/2/index.html]
[demo2.mercury.is/deposit-method/payeer/feed/index.html]
[demo2.mercury.is/deposit-method/paypal/page/2/index.html]
[demo2.mercury.is/deposit-method/paypal/feed/index.html]
[demo2.mercury.is/deposit-method/skrill/page/2/index.html]
[demo2.mercury.is/deposit-method/skrill/feed/index.html]
[demo2.mercury.is/deposit-method/unionpay/page/2/index.html]
[demo2.mercury.is/deposit-method/unionpay/feed/index.html]
[demo2.mercury.is/deposit-method/visa/page/2/index.html]
[demo2.mercury.is/deposit-method/visa/feed/index.html]
[demo2.mercury.is/withdrawal-method/mastercard/page/2/index.html]
[demo2.mercury.is/withdrawal-method/mastercard/feed/index.html]
[demo2.mercury.is/withdrawal-method/neteller/page/2/index.html]
[demo2.mercury.is/withdrawal-method/neteller/feed/index.html]
[demo2.mercury.is/withdrawal-method/skrill/page/2/index.html]
[demo2.mercury.is/withdrawal-method/skrill/feed/index.html]
[demo2.mercury.is/withdrawal-method/visa/page/2/index.html]
[demo2.mercury.is/withdrawal-method/visa/feed/index.html]
[demo2.mercury.is/withdrawal-method/wirecard/page/2/index.html]
[demo2.mercury.is/withdrawal-method/wirecard/feed/index.html]
[demo2.mercury.is/withdrawal-limit/1000-per-day/page/2/index.html]
[demo2.mercury.is/withdrawal-limit/1000-per-day/feed/index.html]
[demo2.mercury.is/withdrawal-limit/4000-per-week/page/2/index.html]
[demo2.mercury.is/withdrawal-limit/4000-per-week/feed/index.html]
[demo2.mercury.is/withdrawal-limit/8000-per-month/page/2/index.html]
[demo2.mercury.is/withdrawal-limit/8000-per-month/feed/index.html]
[demo2.mercury.is/licence/curacao/page/2/index.html]
[demo2.mercury.is/licence/curacao/feed/index.html]
[demo2.mercury.is/licence/malta-gaming-authority/page/2/index.html]
[demo2.mercury.is/licence/malta-gaming-authority/feed/index.html]
[demo2.mercury.is/licence/swedish-gambling-authority/page/2/index.html]
[demo2.mercury.is/licence/swedish-gambling-authority/feed/index.html]
[demo2.mercury.is/licence/uk-gambling-commission/page/2/index.html]
[demo2.mercury.is/licence/uk-gambling-commission/feed/index.html]
[demo2.mercury.is/language/chinese/feed/index.html]
[demo2.mercury.is/language/czech/feed/index.html]
[demo2.mercury.is/language/dutch/feed/index.html]
[demo2.mercury.is/language/english/feed/index.html]
[demo2.mercury.is/language/finnish/feed/index.html]
[demo2.mercury.is/currency/brl/page/2/index.html]
[demo2.mercury.is/currency/brl/feed/index.html]
[demo2.mercury.is/currency/btc/page/2/index.html]
[demo2.mercury.is/currency/btc/feed/index.html]
[demo2.mercury.is/currency/czk/page/2/index.html]
[demo2.mercury.is/currency/czk/feed/index.html]
[demo2.mercury.is/currency/eth/page/2/index.html]
[demo2.mercury.is/currency/eth/feed/index.html]
[demo2.mercury.is/currency/eur/page/2/index.html]
[demo2.mercury.is/currency/eur/feed/index.html]
[demo2.mercury.is/currency/rub/page/2/index.html]
[demo2.mercury.is/currency/rub/feed/index.html]
[demo2.mercury.is/currency/sek/page/2/index.html]
[demo2.mercury.is/currency/sek/feed/index.html]
[demo2.mercury.is/currency/try/page/2/index.html]
[demo2.mercury.is/currency/try/feed/index.html]
[demo2.mercury.is/currency/uah/page/2/index.html]
[demo2.mercury.is/currency/uah/feed/index.html]
[demo2.mercury.is/currency/usd/page/2/index.html]
[demo2.mercury.is/currency/usd/feed/index.html]
[demo2.mercury.is/currency/xrp/page/2/index.html]
[demo2.mercury.is/currency/xrp/feed/index.html]
[demo2.mercury.is/device/desktop/page/2/index.html]
[demo2.mercury.is/device/desktop/feed/index.html]
[demo2.mercury.is/device/mobile/page/2/index.html]
[demo2.mercury.is/device/mobile/feed/index.html]
[demo2.mercury.is/device/smart-tv/page/2/index.html]
[demo2.mercury.is/device/smart-tv/feed/index.html]
[demo2.mercury.is/device/tablet/page/2/index.html]
[demo2.mercury.is/device/tablet/feed/index.html]
[demo2.mercury.is/game/mayan-gods/feed/index.html]
[demo2.mercury.is/indexa09e.html]
[demo2.mercury.is/wp-json/oembed/1.0/embeda054.html]
[demo2.mercury.is/wp-json/oembed/1.0/embed1131.html]
[demo2.mercury.is/game/wild-worlds/feed/index.html]
[demo2.mercury.is/indexa828.html]
[demo2.mercury.is/wp-json/oembed/1.0/embedff07.html]
[demo2.mercury.is/wp-json/oembed/1.0/embede0c2.html]
[demo2.mercury.is/language/french/feed/index.html]
[demo2.mercury.is/language/german/feed/index.html]
[demo2.mercury.is/language/italian/feed/index.html]
[demo2.mercury.is/language/norwegian/feed/index.html]
[demo2.mercury.is/language/portuguese/feed/index.html]
[demo2.mercury.is/game/panda-jones/feed/index.html]
[demo2.mercury.is/index3350.html]
[demo2.mercury.is/wp-json/oembed/1.0/embedae8f.html]
[demo2.mercury.is/wp-json/oembed/1.0/embed8572.html]
[demo2.mercury.is/game/sparta-bay/feed/index.html]
[demo2.mercury.is/index17d5.html]
[demo2.mercury.is/wp-json/oembed/1.0/embed8e2c.html]
[demo2.mercury.is/language/russian/feed/index.html]
[demo2.mercury.is/language/serbian/feed/index.html]
[demo2.mercury.is/language/swedish/feed/index.html]
[demo2.mercury.is/language/turkish/feed/index.html]
[demo2.mercury.is/language/ukrainian/feed/index.html]
[demo2.mercury.is/game/cash-vandal/feed/index.html]
[demo2.mercury.is/indexec4a.html]
[demo2.mercury.is/wp-json/oembed/1.0/embedcaf1.html]
[demo2.mercury.is/wp-json/oembed/1.0/embed9228.html]
[demo2.mercury.is/game/crystal-sun/feed/index.html]
[demo2.mercury.is/indexff23.html]
[demo2.mercury.is/wp-json/oembed/1.0/embed5ba3.html]
[demo2.mercury.is/wp-json/oembed/1.0/embed02c5.html]
[demo2.mercury.is/restricted-country/united-kingdom/feed/index.html]
[demo2.mercury.is/wp-json/oembed/1.0/embed30f9]
[demo2.mercury.is/vendor/studio/feed/index.html]
[demo2.mercury.is/restricted-country/ukraine/feed/index.html]
[demo2.mercury.is/casino/win-casino/feed/index.html]
[demo2.mercury.is/indexd52d.html]
[demo2.mercury.is/wp-json/oembed/1.0/embed220e.html]
[demo2.mercury.is/wp-json/oembed/1.0/embed1fc9.html]
[demo2.mercury.is/game/new-camelot/feed/index.html]
[demo2.mercury.is/wp-json/oembed/1.0/embedaf41]
[demo2.mercury.is/wp-json/oembed/1.0/embed1877]
[demo2.mercury.is/bonus/10-wager-free-spins-up-to-200-on-first-deposit/feed/index.html]
[demo2.mercury.is/index5721.html]
[demo2.mercury.is/wp-json/oembed/1.0/embedb0dd.html]
[demo2.mercury.is/wp-json/oembed/1.0/embede9dc.html]
[demo2.mercury.is/bonus/get-100-match-bonus-up-to-100-100-spins/feed/index.html]
[demo2.mercury.is/index28c5.html]
[demo2.mercury.is/wp-json/oembed/1.0/embedc141.html]
[demo2.mercury.is/wp-json/oembed/1.0/embed20d1.html]
[demo2.mercury.is/bonus/ocean-casino-100-bonus-cash-200-bonus-spins/feed/index.html]
[demo2.mercury.is/indexb998.html]
[demo2.mercury.is/wp-json/oembed/1.0/embed131a.html]
[demo2.mercury.is/wp-json/oembed/1.0/embed9687.html]
[demo2.mercury.is/bonus/claim-a-100-deposit-bonus-up-to-250-free-spins/feed/index.html]
[demo2.mercury.is/indexc39e.html]
[demo2.mercury.is/wp-json/oembed/1.0/embed70c2.html]
[demo2.mercury.is/wp-json/oembed/1.0/embedc4ac.html]
[demo2.mercury.is/bonus/spades-casino-200-up-to-200-up-to-200-spins/feed/index.html]
[demo2.mercury.is/index78d6.html]
[demo2.mercury.is/wp-json/oembed/1.0/embed0a8c.html]
[demo2.mercury.is/wp-json/oembed/1.0/embed2d7f.html]
[demo2.mercury.is/bonus/200-match-bonus-up-to-500-20-bonus-spins/feed/index.html]
[demo2.mercury.is/indexc885.html]
[demo2.mercury.is/wp-json/oembed/1.0/embed7c02.html]
[demo2.mercury.is/wp-json/oembed/1.0/embed55e2.html]
[demo2.mercury.is/author/jonathan-archer/page/2/index.html]
[demo2.mercury.is/casino/space-casino/feed/index.html]
[demo2.mercury.is/index86fa.html]
[demo2.mercury.is/wp-json/oembed/1.0/embed9133.html]
[demo2.mercury.is/wp-json/oembed/1.0/embedf333.html]
[demo2.mercury.is/casino-category/certified-casinos/feed/index.html]
[demo2.mercury.is/casino-category/mobile-casinos/feed/index.html]
[demo2.mercury.is/casino-category/newest-casinos/feed/index.html]
[demo2.mercury.is/casino-category/online-casinos/index.html]
[demo2.mercury.is/game-category/new-games/feed/index.html]
[demo2.mercury.is/game-category/table-games/feed/index.html]
[demo2.mercury.is/game-category/upcoming-games/feed/index.html]
[demo2.mercury.is/game-category/slots/feed/index.html]
[demo2.mercury.is/bonus/100-match-bonus-on-poker-at-genting-casino/feed/index.html]
[demo2.mercury.is/indexae74.html]
[demo2.mercury.is/wp-json/oembed/1.0/embed45f1.html]
[demo2.mercury.is/wp-json/oembed/1.0/embed08be.html]
[demo2.mercury.is/bonus/get-10-no-deposit-spins-100-up-to-200/feed/index.html]
[demo2.mercury.is/indexc140.html]
[demo2.mercury.is/wp-json/oembed/1.0/embed6f08.html]
[demo2.mercury.is/wp-json/oembed/1.0/embed6053]
[demo2.mercury.is/vendor/base/feed/index.html]
[demo2.mercury.is/casinos-archive-template-2/page/2/index.html]
[demo2.mercury.is/bonus/lucky-casino-up-to-e800-bonus-100-free-spins/feed/index.html]
[demo2.mercury.is/index5051.html]
[demo2.mercury.is/wp-json/oembed/1.0/embed07d4.html]
[demo2.mercury.is/wp-json/oembed/1.0/embed8b37.html]
[demo2.mercury.is/bonus/monte-casino-10-no-deposit-spins-100-bonus/feed/index.html]
[demo2.mercury.is/index85b3.html]
[demo2.mercury.is/wp-json/oembed/1.0/embed4ebf.html]
[demo2.mercury.is/wp-json/oembed/1.0/embed33e3.html]
[demo2.mercury.is/bonus/get-100-up-to-150-50-bonus-spins-at-space/feed/index.html]
[demo2.mercury.is/indexbbbf.html]
[demo2.mercury.is/wp-json/oembed/1.0/embedb67f.html]
[demo2.mercury.is/wp-json/oembed/1.0/embed3aeb.html]
[demo2.mercury.is/casino/monte-casino/feed/index.html]
[demo2.mercury.is/wp-json/oembed/1.0/embedea17]
[demo2.mercury.is/wp-json/oembed/1.0/embed949a]
[demo2.mercury.is/2020/04/10/online-gambling-firms-face-investigation-for-cheating-customers/feed/index.html]
[demo2.mercury.is/wp-json/oembed/1.0/embededff]
[demo2.mercury.is/index7d69.html]
[demo2.mercury.is/wp-json/oembed/1.0/embed6e68]
[demo2.mercury.is/wp-json/oembed/1.0/embeddbf8]
[demo2.mercury.is/wp-json/oembed/1.0/embed32ce]
[demo2.mercury.is/wp-json/oembed/1.0/embed30f9]
[demo2.mercury.is/author/jonathan-archer/page/2/index.html]
[demo2.mercury.is/wp-json/oembed/1.0/embed6053]
[demo2.mercury.is/vendor/base/feed/index.html]
[demo2.mercury.is/wp-json/oembed/1.0/embede95b]
[s8b2i2s2.stackpathcdn.com/wp-content/uploads/2020/04/AdobeStock_272832847-compressed-900x675.html]
[demo2.mercury.is/wp-json/oembed/1.0/embede95b]
